[2026-06-07T19:33:12.821+0000] {taskinstance.py:1159} INFO - Dependencies all met for dep_context=non-requeueable deps ti=<TaskInstance: prepare_buildings_flats_dataset.extract manual__2026-06-07T19:33:00.550562+00:00 [queued]>
[2026-06-07T19:33:12.835+0000] {taskinstance.py:1159} INFO - Dependencies all met for dep_context=requeueable deps ti=<TaskInstance: prepare_buildings_flats_dataset.extract manual__2026-06-07T19:33:00.550562+00:00 [queued]>
[2026-06-07T19:33:12.836+0000] {taskinstance.py:1361} INFO - Starting attempt 1 of 1
[2026-06-07T19:33:12.864+0000] {taskinstance.py:1382} INFO - Executing <Task(_PythonDecoratedOperator): extract> on 2026-06-07 19:33:00.550562+00:00
[2026-06-07T19:33:12.876+0000] {standard_task_runner.py:57} INFO - Started process 87 to run task
[2026-06-07T19:33:12.884+0000] {standard_task_runner.py:84} INFO - Running: ['***', 'tasks', 'run', 'prepare_buildings_flats_dataset', 'extract', 'manual__2026-06-07T19:33:00.550562+00:00', '--job-id', '33', '--raw', '--subdir', 'DAGS_FOLDER/data_prep.py', '--cfg-path', '/tmp/tmptxg1p67o']
[2026-06-07T19:33:12.885+0000] {standard_task_runner.py:85} INFO - Job 33: Subtask extract
[2026-06-07T19:33:12.970+0000] {task_command.py:416} INFO - Running <TaskInstance: prepare_buildings_flats_dataset.extract manual__2026-06-07T19:33:00.550562+00:00 [running]> on host 3f0a7d11b5b9
[2026-06-07T19:33:13.096+0000] {taskinstance.py:1662} INFO - Exporting env vars: AIRFLOW_CTX_DAG_OWNER='***' AIRFLOW_CTX_DAG_ID='prepare_buildings_flats_dataset' AIRFLOW_CTX_TASK_ID='extract' AIRFLOW_CTX_EXECUTION_DATE='2026-06-07T19:33:00.550562+00:00' AIRFLOW_CTX_TRY_NUMBER='1' AIRFLOW_CTX_DAG_RUN_ID='manual__2026-06-07T19:33:00.550562+00:00'
[2026-06-07T19:33:13.120+0000] {base.py:73} INFO - Using connection ID 'destination_db' for task execution.
[2026-06-07T19:33:13.182+0000] {warnings.py:109} WARNING - /opt/***/dags/data_prep.py:87: UserWarning: pandas only supports SQLAlchemy connectable (engine/connection) or database string URI or sqlite3 DBAPI2 connection. Other DBAPI2 objects are not tested. Please consider using SQLAlchemy.
  data = pd.read_sql(sql, conn)

[2026-06-07T19:33:15.549+0000] {python.py:194} INFO - Done. Returned value was:         building_id  build_year  ...  total_area     price
0              6220        1965  ...   35.099998   9500000
1             18012        2001  ...   43.000000  13500000
2             17821        2000  ...   56.000000  13500000
3             18579        2002  ...   76.000000  20000000
4              9293        1971  ...   24.000000   5200000
...             ...         ...  ...         ...       ...
141357        22455        2013  ...   42.000000  10500000
141358         3162        1960  ...   41.110001   7400000
141359         6513        1966  ...   31.500000   9700000
141360        23952        2017  ...   65.300003  11750000
141361        15104        1988  ...   38.000000   8000000

[141362 rows x 18 columns]
[2026-06-07T19:33:16.663+0000] {taskinstance.py:1400} INFO - Marking task as SUCCESS. dag_id=prepare_buildings_flats_dataset, task_id=extract, execution_date=20260607T193300, start_date=20260607T193312, end_date=20260607T193316
[2026-06-07T19:33:16.710+0000] {local_task_job_runner.py:228} INFO - Task exited with return code 0
[2026-06-07T19:33:16.737+0000] {taskinstance.py:2778} INFO - 1 downstream tasks scheduled from follow-on schedule check
