[2026-06-08T13:34:53.670+0000] {taskinstance.py:1159} INFO - Dependencies all met for dep_context=non-requeueable deps ti=<TaskInstance: prepare_buildings_flats_dataset.load manual__2026-06-08T13:34:31.867214+00:00 [queued]>
[2026-06-08T13:34:53.706+0000] {taskinstance.py:1159} INFO - Dependencies all met for dep_context=requeueable deps ti=<TaskInstance: prepare_buildings_flats_dataset.load manual__2026-06-08T13:34:31.867214+00:00 [queued]>
[2026-06-08T13:34:53.713+0000] {taskinstance.py:1361} INFO - Starting attempt 1 of 1
[2026-06-08T13:34:53.786+0000] {taskinstance.py:1382} INFO - Executing <Task(_PythonDecoratedOperator): load> on 2026-06-08 13:34:31.867214+00:00
[2026-06-08T13:34:53.822+0000] {standard_task_runner.py:57} INFO - Started process 104 to run task
[2026-06-08T13:34:53.852+0000] {standard_task_runner.py:84} INFO - Running: ['***', 'tasks', 'run', 'prepare_buildings_flats_dataset', 'load', 'manual__2026-06-08T13:34:31.867214+00:00', '--job-id', '51', '--raw', '--subdir', 'DAGS_FOLDER/data_prep.py', '--cfg-path', '/tmp/tmphw0fibi1']
[2026-06-08T13:34:53.853+0000] {standard_task_runner.py:85} INFO - Job 51: Subtask load
[2026-06-08T13:34:53.975+0000] {task_command.py:416} INFO - Running <TaskInstance: prepare_buildings_flats_dataset.load manual__2026-06-08T13:34:31.867214+00:00 [running]> on host 07d665cb0eaa
[2026-06-08T13:34:54.480+0000] {taskinstance.py:1662} INFO - Exporting env vars: AIRFLOW_CTX_DAG_OWNER='***' AIRFLOW_CTX_DAG_ID='prepare_buildings_flats_dataset' AIRFLOW_CTX_TASK_ID='load' AIRFLOW_CTX_EXECUTION_DATE='2026-06-08T13:34:31.867214+00:00' AIRFLOW_CTX_TRY_NUMBER='1' AIRFLOW_CTX_DAG_RUN_ID='manual__2026-06-08T13:34:31.867214+00:00'
[2026-06-08T13:34:55.696+0000] {base.py:73} INFO - Using connection ID 'destination_db' for task execution.
[2026-06-08T13:34:56.731+0000] {sql.py:527} INFO - Loaded 1000 rows into buildings_flats_joined so far
[2026-06-08T13:34:57.463+0000] {sql.py:527} INFO - Loaded 2000 rows into buildings_flats_joined so far
[2026-06-08T13:34:58.322+0000] {sql.py:527} INFO - Loaded 3000 rows into buildings_flats_joined so far
[2026-06-08T13:34:59.200+0000] {sql.py:527} INFO - Loaded 4000 rows into buildings_flats_joined so far
[2026-06-08T13:35:00.136+0000] {sql.py:527} INFO - Loaded 5000 rows into buildings_flats_joined so far
[2026-06-08T13:35:01.202+0000] {sql.py:527} INFO - Loaded 6000 rows into buildings_flats_joined so far
[2026-06-08T13:35:02.231+0000] {sql.py:527} INFO - Loaded 7000 rows into buildings_flats_joined so far
[2026-06-08T13:35:03.185+0000] {sql.py:527} INFO - Loaded 8000 rows into buildings_flats_joined so far
[2026-06-08T13:35:04.040+0000] {sql.py:527} INFO - Loaded 9000 rows into buildings_flats_joined so far
[2026-06-08T13:35:04.710+0000] {sql.py:527} INFO - Loaded 10000 rows into buildings_flats_joined so far
[2026-06-08T13:35:05.495+0000] {sql.py:527} INFO - Loaded 11000 rows into buildings_flats_joined so far
[2026-06-08T13:35:06.230+0000] {sql.py:527} INFO - Loaded 12000 rows into buildings_flats_joined so far
[2026-06-08T13:35:06.999+0000] {sql.py:527} INFO - Loaded 13000 rows into buildings_flats_joined so far
[2026-06-08T13:35:07.760+0000] {sql.py:527} INFO - Loaded 14000 rows into buildings_flats_joined so far
[2026-06-08T13:35:08.399+0000] {sql.py:527} INFO - Loaded 15000 rows into buildings_flats_joined so far
[2026-06-08T13:35:09.102+0000] {sql.py:527} INFO - Loaded 16000 rows into buildings_flats_joined so far
[2026-06-08T13:35:09.760+0000] {sql.py:527} INFO - Loaded 17000 rows into buildings_flats_joined so far
[2026-06-08T13:35:10.474+0000] {sql.py:527} INFO - Loaded 18000 rows into buildings_flats_joined so far
[2026-06-08T13:35:11.131+0000] {sql.py:527} INFO - Loaded 19000 rows into buildings_flats_joined so far
[2026-06-08T13:35:11.786+0000] {sql.py:527} INFO - Loaded 20000 rows into buildings_flats_joined so far
[2026-06-08T13:35:12.473+0000] {sql.py:527} INFO - Loaded 21000 rows into buildings_flats_joined so far
[2026-06-08T13:35:13.114+0000] {sql.py:527} INFO - Loaded 22000 rows into buildings_flats_joined so far
[2026-06-08T13:35:13.753+0000] {sql.py:527} INFO - Loaded 23000 rows into buildings_flats_joined so far
[2026-06-08T13:35:14.406+0000] {sql.py:527} INFO - Loaded 24000 rows into buildings_flats_joined so far
[2026-06-08T13:35:15.053+0000] {sql.py:527} INFO - Loaded 25000 rows into buildings_flats_joined so far
[2026-06-08T13:35:15.708+0000] {sql.py:527} INFO - Loaded 26000 rows into buildings_flats_joined so far
[2026-06-08T13:35:16.402+0000] {sql.py:527} INFO - Loaded 27000 rows into buildings_flats_joined so far
[2026-06-08T13:35:17.017+0000] {sql.py:527} INFO - Loaded 28000 rows into buildings_flats_joined so far
[2026-06-08T13:35:17.756+0000] {sql.py:527} INFO - Loaded 29000 rows into buildings_flats_joined so far
[2026-06-08T13:35:18.437+0000] {sql.py:527} INFO - Loaded 30000 rows into buildings_flats_joined so far
[2026-06-08T13:35:19.093+0000] {sql.py:527} INFO - Loaded 31000 rows into buildings_flats_joined so far
[2026-06-08T13:35:19.738+0000] {sql.py:527} INFO - Loaded 32000 rows into buildings_flats_joined so far
[2026-06-08T13:35:20.355+0000] {sql.py:527} INFO - Loaded 33000 rows into buildings_flats_joined so far
[2026-06-08T13:35:21.084+0000] {sql.py:527} INFO - Loaded 34000 rows into buildings_flats_joined so far
[2026-06-08T13:35:21.768+0000] {sql.py:527} INFO - Loaded 35000 rows into buildings_flats_joined so far
[2026-06-08T13:35:22.629+0000] {sql.py:527} INFO - Loaded 36000 rows into buildings_flats_joined so far
[2026-06-08T13:35:23.354+0000] {sql.py:527} INFO - Loaded 37000 rows into buildings_flats_joined so far
[2026-06-08T13:35:24.408+0000] {sql.py:527} INFO - Loaded 38000 rows into buildings_flats_joined so far
[2026-06-08T13:35:26.983+0000] {sql.py:527} INFO - Loaded 39000 rows into buildings_flats_joined so far
[2026-06-08T13:35:36.184+0000] {sql.py:527} INFO - Loaded 40000 rows into buildings_flats_joined so far
[2026-06-08T13:35:39.818+0000] {sql.py:527} INFO - Loaded 41000 rows into buildings_flats_joined so far
[2026-06-08T13:35:51.744+0000] {job.py:219} ERROR - Job heartbeat got an exception
Traceback (most recent call last):
  File "/home/airflow/.local/lib/python3.10/site-packages/sqlalchemy/engine/base.py", line 3371, in _wrap_pool_connect
    return fn()
  File "/home/airflow/.local/lib/python3.10/site-packages/sqlalchemy/pool/base.py", line 327, in connect
    return _ConnectionFairy._checkout(self)
  File "/home/airflow/.local/lib/python3.10/site-packages/sqlalchemy/pool/base.py", line 894, in _checkout
    fairy = _ConnectionRecord.checkout(pool)
  File "/home/airflow/.local/lib/python3.10/site-packages/sqlalchemy/pool/base.py", line 493, in checkout
    rec = pool._do_get()
  File "/home/airflow/.local/lib/python3.10/site-packages/sqlalchemy/pool/impl.py", line 256, in _do_get
    return self._create_connection()
  File "/home/airflow/.local/lib/python3.10/site-packages/sqlalchemy/pool/base.py", line 273, in _create_connection
    return _ConnectionRecord(self)
  File "/home/airflow/.local/lib/python3.10/site-packages/sqlalchemy/pool/base.py", line 388, in __init__
    self.__connect()
  File "/home/airflow/.local/lib/python3.10/site-packages/sqlalchemy/pool/base.py", line 690, in __connect
    with util.safe_reraise():
  File "/home/airflow/.local/lib/python3.10/site-packages/sqlalchemy/util/langhelpers.py", line 70, in __exit__
    compat.raise_(
  File "/home/airflow/.local/lib/python3.10/site-packages/sqlalchemy/util/compat.py", line 211, in raise_
    raise exception
  File "/home/airflow/.local/lib/python3.10/site-packages/sqlalchemy/pool/base.py", line 686, in __connect
    self.dbapi_connection = connection = pool._invoke_creator(self)
  File "/home/airflow/.local/lib/python3.10/site-packages/sqlalchemy/engine/create.py", line 574, in connect
    return dialect.connect(*cargs, **cparams)
  File "/home/airflow/.local/lib/python3.10/site-packages/sqlalchemy/engine/default.py", line 598, in connect
    return self.dbapi.connect(*cargs, **cparams)
  File "/home/airflow/.local/lib/python3.10/site-packages/psycopg2/__init__.py", line 122, in connect
    conn = _connect(dsn, connection_factory=connection_factory, **kwasync)
psycopg2.OperationalError: could not translate host name "postgres" to address: Temporary failure in name resolution


The above exception was the direct cause of the following exception:

Traceback (most recent call last):
  File "/home/airflow/.local/lib/python3.10/site-packages/airflow/jobs/job.py", line 190, in heartbeat
    session.merge(self)
  File "/home/airflow/.local/lib/python3.10/site-packages/sqlalchemy/orm/session.py", line 3056, in merge
    return self._merge(
  File "/home/airflow/.local/lib/python3.10/site-packages/sqlalchemy/orm/session.py", line 3136, in _merge
    merged = self.get(
  File "/home/airflow/.local/lib/python3.10/site-packages/sqlalchemy/orm/session.py", line 2853, in get
    return self._get_impl(
  File "/home/airflow/.local/lib/python3.10/site-packages/sqlalchemy/orm/session.py", line 2975, in _get_impl
    return db_load_fn(
  File "/home/airflow/.local/lib/python3.10/site-packages/sqlalchemy/orm/loading.py", line 530, in load_on_pk_identity
    session.execute(
  File "/home/airflow/.local/lib/python3.10/site-packages/sqlalchemy/orm/session.py", line 1716, in execute
    conn = self._connection_for_bind(bind)
  File "/home/airflow/.local/lib/python3.10/site-packages/sqlalchemy/orm/session.py", line 1555, in _connection_for_bind
    return self._transaction._connection_for_bind(
  File "/home/airflow/.local/lib/python3.10/site-packages/sqlalchemy/orm/session.py", line 750, in _connection_for_bind
    conn = bind.connect()
  File "/home/airflow/.local/lib/python3.10/site-packages/sqlalchemy/future/engine.py", line 406, in connect
    return super(Engine, self).connect()
  File "/home/airflow/.local/lib/python3.10/site-packages/sqlalchemy/engine/base.py", line 3325, in connect
    return self._connection_cls(self, close_with_result=close_with_result)
  File "/home/airflow/.local/lib/python3.10/site-packages/sqlalchemy/engine/base.py", line 96, in __init__
    else engine.raw_connection()
  File "/home/airflow/.local/lib/python3.10/site-packages/sqlalchemy/engine/base.py", line 3404, in raw_connection
    return self._wrap_pool_connect(self.pool.connect, _connection)
  File "/home/airflow/.local/lib/python3.10/site-packages/sqlalchemy/engine/base.py", line 3374, in _wrap_pool_connect
    Connection._handle_dbapi_exception_noconnection(
  File "/home/airflow/.local/lib/python3.10/site-packages/sqlalchemy/engine/base.py", line 2208, in _handle_dbapi_exception_noconnection
    util.raise_(
  File "/home/airflow/.local/lib/python3.10/site-packages/sqlalchemy/util/compat.py", line 211, in raise_
    raise exception
  File "/home/airflow/.local/lib/python3.10/site-packages/sqlalchemy/engine/base.py", line 3371, in _wrap_pool_connect
    return fn()
  File "/home/airflow/.local/lib/python3.10/site-packages/sqlalchemy/pool/base.py", line 327, in connect
    return _ConnectionFairy._checkout(self)
  File "/home/airflow/.local/lib/python3.10/site-packages/sqlalchemy/pool/base.py", line 894, in _checkout
    fairy = _ConnectionRecord.checkout(pool)
  File "/home/airflow/.local/lib/python3.10/site-packages/sqlalchemy/pool/base.py", line 493, in checkout
    rec = pool._do_get()
  File "/home/airflow/.local/lib/python3.10/site-packages/sqlalchemy/pool/impl.py", line 256, in _do_get
    return self._create_connection()
  File "/home/airflow/.local/lib/python3.10/site-packages/sqlalchemy/pool/base.py", line 273, in _create_connection
    return _ConnectionRecord(self)
  File "/home/airflow/.local/lib/python3.10/site-packages/sqlalchemy/pool/base.py", line 388, in __init__
    self.__connect()
  File "/home/airflow/.local/lib/python3.10/site-packages/sqlalchemy/pool/base.py", line 690, in __connect
    with util.safe_reraise():
  File "/home/airflow/.local/lib/python3.10/site-packages/sqlalchemy/util/langhelpers.py", line 70, in __exit__
    compat.raise_(
  File "/home/airflow/.local/lib/python3.10/site-packages/sqlalchemy/util/compat.py", line 211, in raise_
    raise exception
  File "/home/airflow/.local/lib/python3.10/site-packages/sqlalchemy/pool/base.py", line 686, in __connect
    self.dbapi_connection = connection = pool._invoke_creator(self)
  File "/home/airflow/.local/lib/python3.10/site-packages/sqlalchemy/engine/create.py", line 574, in connect
    return dialect.connect(*cargs, **cparams)
  File "/home/airflow/.local/lib/python3.10/site-packages/sqlalchemy/engine/default.py", line 598, in connect
    return self.dbapi.connect(*cargs, **cparams)
  File "/home/airflow/.local/lib/python3.10/site-packages/psycopg2/__init__.py", line 122, in connect
    conn = _connect(dsn, connection_factory=connection_factory, **kwasync)
sqlalchemy.exc.OperationalError: (psycopg2.OperationalError) could not translate host name "postgres" to address: Temporary failure in name resolution

(Background on this error at: https://sqlalche.me/e/14/e3q8)
[2026-06-08T13:39:15.384+0000] {sql.py:527} INFO - Loaded 42000 rows into buildings_flats_joined so far
[2026-06-08T13:39:16.419+0000] {sql.py:527} INFO - Loaded 43000 rows into buildings_flats_joined so far
[2026-06-08T13:39:17.497+0000] {sql.py:527} INFO - Loaded 44000 rows into buildings_flats_joined so far
[2026-06-08T13:39:17.828+0000] {job.py:219} ERROR - Job heartbeat got an exception
Traceback (most recent call last):
  File "/home/airflow/.local/lib/python3.10/site-packages/sqlalchemy/engine/base.py", line 3371, in _wrap_pool_connect
    return fn()
  File "/home/airflow/.local/lib/python3.10/site-packages/sqlalchemy/pool/base.py", line 327, in connect
    return _ConnectionFairy._checkout(self)
  File "/home/airflow/.local/lib/python3.10/site-packages/sqlalchemy/pool/base.py", line 894, in _checkout
    fairy = _ConnectionRecord.checkout(pool)
  File "/home/airflow/.local/lib/python3.10/site-packages/sqlalchemy/pool/base.py", line 493, in checkout
    rec = pool._do_get()
  File "/home/airflow/.local/lib/python3.10/site-packages/sqlalchemy/pool/impl.py", line 256, in _do_get
    return self._create_connection()
  File "/home/airflow/.local/lib/python3.10/site-packages/sqlalchemy/pool/base.py", line 273, in _create_connection
    return _ConnectionRecord(self)
  File "/home/airflow/.local/lib/python3.10/site-packages/sqlalchemy/pool/base.py", line 388, in __init__
    self.__connect()
  File "/home/airflow/.local/lib/python3.10/site-packages/sqlalchemy/pool/base.py", line 690, in __connect
    with util.safe_reraise():
  File "/home/airflow/.local/lib/python3.10/site-packages/sqlalchemy/util/langhelpers.py", line 70, in __exit__
    compat.raise_(
  File "/home/airflow/.local/lib/python3.10/site-packages/sqlalchemy/util/compat.py", line 211, in raise_
    raise exception
  File "/home/airflow/.local/lib/python3.10/site-packages/sqlalchemy/pool/base.py", line 686, in __connect
    self.dbapi_connection = connection = pool._invoke_creator(self)
  File "/home/airflow/.local/lib/python3.10/site-packages/sqlalchemy/engine/create.py", line 574, in connect
    return dialect.connect(*cargs, **cparams)
  File "/home/airflow/.local/lib/python3.10/site-packages/sqlalchemy/engine/default.py", line 598, in connect
    return self.dbapi.connect(*cargs, **cparams)
  File "/home/airflow/.local/lib/python3.10/site-packages/psycopg2/__init__.py", line 122, in connect
    conn = _connect(dsn, connection_factory=connection_factory, **kwasync)
psycopg2.OperationalError: could not translate host name "postgres" to address: Temporary failure in name resolution


The above exception was the direct cause of the following exception:

Traceback (most recent call last):
  File "/home/airflow/.local/lib/python3.10/site-packages/airflow/jobs/job.py", line 190, in heartbeat
    session.merge(self)
  File "/home/airflow/.local/lib/python3.10/site-packages/sqlalchemy/orm/session.py", line 3056, in merge
    return self._merge(
  File "/home/airflow/.local/lib/python3.10/site-packages/sqlalchemy/orm/session.py", line 3136, in _merge
    merged = self.get(
  File "/home/airflow/.local/lib/python3.10/site-packages/sqlalchemy/orm/session.py", line 2853, in get
    return self._get_impl(
  File "/home/airflow/.local/lib/python3.10/site-packages/sqlalchemy/orm/session.py", line 2975, in _get_impl
    return db_load_fn(
  File "/home/airflow/.local/lib/python3.10/site-packages/sqlalchemy/orm/loading.py", line 530, in load_on_pk_identity
    session.execute(
  File "/home/airflow/.local/lib/python3.10/site-packages/sqlalchemy/orm/session.py", line 1716, in execute
    conn = self._connection_for_bind(bind)
  File "/home/airflow/.local/lib/python3.10/site-packages/sqlalchemy/orm/session.py", line 1555, in _connection_for_bind
    return self._transaction._connection_for_bind(
  File "/home/airflow/.local/lib/python3.10/site-packages/sqlalchemy/orm/session.py", line 750, in _connection_for_bind
    conn = bind.connect()
  File "/home/airflow/.local/lib/python3.10/site-packages/sqlalchemy/future/engine.py", line 406, in connect
    return super(Engine, self).connect()
  File "/home/airflow/.local/lib/python3.10/site-packages/sqlalchemy/engine/base.py", line 3325, in connect
    return self._connection_cls(self, close_with_result=close_with_result)
  File "/home/airflow/.local/lib/python3.10/site-packages/sqlalchemy/engine/base.py", line 96, in __init__
    else engine.raw_connection()
  File "/home/airflow/.local/lib/python3.10/site-packages/sqlalchemy/engine/base.py", line 3404, in raw_connection
    return self._wrap_pool_connect(self.pool.connect, _connection)
  File "/home/airflow/.local/lib/python3.10/site-packages/sqlalchemy/engine/base.py", line 3374, in _wrap_pool_connect
    Connection._handle_dbapi_exception_noconnection(
  File "/home/airflow/.local/lib/python3.10/site-packages/sqlalchemy/engine/base.py", line 2208, in _handle_dbapi_exception_noconnection
    util.raise_(
  File "/home/airflow/.local/lib/python3.10/site-packages/sqlalchemy/util/compat.py", line 211, in raise_
    raise exception
  File "/home/airflow/.local/lib/python3.10/site-packages/sqlalchemy/engine/base.py", line 3371, in _wrap_pool_connect
    return fn()
  File "/home/airflow/.local/lib/python3.10/site-packages/sqlalchemy/pool/base.py", line 327, in connect
    return _ConnectionFairy._checkout(self)
  File "/home/airflow/.local/lib/python3.10/site-packages/sqlalchemy/pool/base.py", line 894, in _checkout
    fairy = _ConnectionRecord.checkout(pool)
  File "/home/airflow/.local/lib/python3.10/site-packages/sqlalchemy/pool/base.py", line 493, in checkout
    rec = pool._do_get()
  File "/home/airflow/.local/lib/python3.10/site-packages/sqlalchemy/pool/impl.py", line 256, in _do_get
    return self._create_connection()
  File "/home/airflow/.local/lib/python3.10/site-packages/sqlalchemy/pool/base.py", line 273, in _create_connection
    return _ConnectionRecord(self)
  File "/home/airflow/.local/lib/python3.10/site-packages/sqlalchemy/pool/base.py", line 388, in __init__
    self.__connect()
  File "/home/airflow/.local/lib/python3.10/site-packages/sqlalchemy/pool/base.py", line 690, in __connect
    with util.safe_reraise():
  File "/home/airflow/.local/lib/python3.10/site-packages/sqlalchemy/util/langhelpers.py", line 70, in __exit__
    compat.raise_(
  File "/home/airflow/.local/lib/python3.10/site-packages/sqlalchemy/util/compat.py", line 211, in raise_
    raise exception
  File "/home/airflow/.local/lib/python3.10/site-packages/sqlalchemy/pool/base.py", line 686, in __connect
    self.dbapi_connection = connection = pool._invoke_creator(self)
  File "/home/airflow/.local/lib/python3.10/site-packages/sqlalchemy/engine/create.py", line 574, in connect
    return dialect.connect(*cargs, **cparams)
  File "/home/airflow/.local/lib/python3.10/site-packages/sqlalchemy/engine/default.py", line 598, in connect
    return self.dbapi.connect(*cargs, **cparams)
  File "/home/airflow/.local/lib/python3.10/site-packages/psycopg2/__init__.py", line 122, in connect
    conn = _connect(dsn, connection_factory=connection_factory, **kwasync)
sqlalchemy.exc.OperationalError: (psycopg2.OperationalError) could not translate host name "postgres" to address: Temporary failure in name resolution

(Background on this error at: https://sqlalche.me/e/14/e3q8)
[2026-06-08T13:39:18.278+0000] {sql.py:527} INFO - Loaded 45000 rows into buildings_flats_joined so far
[2026-06-08T13:39:19.208+0000] {sql.py:527} INFO - Loaded 46000 rows into buildings_flats_joined so far
[2026-06-08T13:39:20.327+0000] {sql.py:527} INFO - Loaded 47000 rows into buildings_flats_joined so far
[2026-06-08T13:39:22.931+0000] {sql.py:527} INFO - Loaded 48000 rows into buildings_flats_joined so far
[2026-06-08T13:39:25.634+0000] {sql.py:527} INFO - Loaded 49000 rows into buildings_flats_joined so far
[2026-06-08T13:39:27.910+0000] {sql.py:527} INFO - Loaded 50000 rows into buildings_flats_joined so far
[2026-06-08T13:39:31.072+0000] {sql.py:527} INFO - Loaded 51000 rows into buildings_flats_joined so far
[2026-06-08T13:39:33.071+0000] {sql.py:527} INFO - Loaded 52000 rows into buildings_flats_joined so far
[2026-06-08T13:39:34.753+0000] {sql.py:527} INFO - Loaded 53000 rows into buildings_flats_joined so far
[2026-06-08T13:39:36.317+0000] {sql.py:527} INFO - Loaded 54000 rows into buildings_flats_joined so far
[2026-06-08T13:39:37.591+0000] {sql.py:527} INFO - Loaded 55000 rows into buildings_flats_joined so far
[2026-06-08T13:39:38.691+0000] {sql.py:527} INFO - Loaded 56000 rows into buildings_flats_joined so far
[2026-06-08T13:39:39.996+0000] {sql.py:527} INFO - Loaded 57000 rows into buildings_flats_joined so far
[2026-06-08T13:39:40.780+0000] {sql.py:527} INFO - Loaded 58000 rows into buildings_flats_joined so far
[2026-06-08T13:39:41.480+0000] {sql.py:527} INFO - Loaded 59000 rows into buildings_flats_joined so far
[2026-06-08T13:39:42.211+0000] {sql.py:527} INFO - Loaded 60000 rows into buildings_flats_joined so far
[2026-06-08T13:39:42.923+0000] {sql.py:527} INFO - Loaded 61000 rows into buildings_flats_joined so far
[2026-06-08T13:39:43.676+0000] {sql.py:527} INFO - Loaded 62000 rows into buildings_flats_joined so far
[2026-06-08T13:39:44.666+0000] {sql.py:527} INFO - Loaded 63000 rows into buildings_flats_joined so far
[2026-06-08T13:39:45.468+0000] {sql.py:527} INFO - Loaded 64000 rows into buildings_flats_joined so far
[2026-06-08T13:39:46.299+0000] {sql.py:527} INFO - Loaded 65000 rows into buildings_flats_joined so far
[2026-06-08T13:39:47.072+0000] {sql.py:527} INFO - Loaded 66000 rows into buildings_flats_joined so far
[2026-06-08T13:39:47.820+0000] {sql.py:527} INFO - Loaded 67000 rows into buildings_flats_joined so far
[2026-06-08T13:39:48.872+0000] {sql.py:527} INFO - Loaded 68000 rows into buildings_flats_joined so far
[2026-06-08T13:39:49.735+0000] {sql.py:527} INFO - Loaded 69000 rows into buildings_flats_joined so far
[2026-06-08T13:39:50.650+0000] {sql.py:527} INFO - Loaded 70000 rows into buildings_flats_joined so far
[2026-06-08T13:39:51.585+0000] {sql.py:527} INFO - Loaded 71000 rows into buildings_flats_joined so far
[2026-06-08T13:39:52.528+0000] {sql.py:527} INFO - Loaded 72000 rows into buildings_flats_joined so far
[2026-06-08T13:39:53.680+0000] {sql.py:527} INFO - Loaded 73000 rows into buildings_flats_joined so far
[2026-06-08T13:39:54.560+0000] {sql.py:527} INFO - Loaded 74000 rows into buildings_flats_joined so far
[2026-06-08T13:39:55.454+0000] {sql.py:527} INFO - Loaded 75000 rows into buildings_flats_joined so far
[2026-06-08T13:39:56.417+0000] {sql.py:527} INFO - Loaded 76000 rows into buildings_flats_joined so far
[2026-06-08T13:39:57.356+0000] {sql.py:527} INFO - Loaded 77000 rows into buildings_flats_joined so far
[2026-06-08T13:39:58.429+0000] {sql.py:527} INFO - Loaded 78000 rows into buildings_flats_joined so far
[2026-06-08T13:39:59.385+0000] {sql.py:527} INFO - Loaded 79000 rows into buildings_flats_joined so far
[2026-06-08T13:40:00.254+0000] {sql.py:527} INFO - Loaded 80000 rows into buildings_flats_joined so far
[2026-06-08T13:40:01.411+0000] {sql.py:527} INFO - Loaded 81000 rows into buildings_flats_joined so far
[2026-06-08T13:40:02.839+0000] {sql.py:527} INFO - Loaded 82000 rows into buildings_flats_joined so far
[2026-06-08T13:40:04.920+0000] {sql.py:527} INFO - Loaded 83000 rows into buildings_flats_joined so far
[2026-06-08T13:40:06.165+0000] {sql.py:527} INFO - Loaded 84000 rows into buildings_flats_joined so far
[2026-06-08T13:40:07.485+0000] {sql.py:527} INFO - Loaded 85000 rows into buildings_flats_joined so far
[2026-06-08T13:40:08.409+0000] {sql.py:527} INFO - Loaded 86000 rows into buildings_flats_joined so far
[2026-06-08T13:40:09.388+0000] {sql.py:527} INFO - Loaded 87000 rows into buildings_flats_joined so far
[2026-06-08T13:40:10.247+0000] {sql.py:527} INFO - Loaded 88000 rows into buildings_flats_joined so far
[2026-06-08T13:40:11.118+0000] {sql.py:527} INFO - Loaded 89000 rows into buildings_flats_joined so far
[2026-06-08T13:40:11.920+0000] {sql.py:527} INFO - Loaded 90000 rows into buildings_flats_joined so far
[2026-06-08T13:40:12.790+0000] {sql.py:527} INFO - Loaded 91000 rows into buildings_flats_joined so far
[2026-06-08T13:40:13.707+0000] {sql.py:527} INFO - Loaded 92000 rows into buildings_flats_joined so far
[2026-06-08T13:40:14.740+0000] {sql.py:527} INFO - Loaded 93000 rows into buildings_flats_joined so far
[2026-06-08T13:40:15.753+0000] {sql.py:527} INFO - Loaded 94000 rows into buildings_flats_joined so far
[2026-06-08T13:40:16.588+0000] {sql.py:527} INFO - Loaded 95000 rows into buildings_flats_joined so far
[2026-06-08T13:40:17.412+0000] {sql.py:527} INFO - Loaded 96000 rows into buildings_flats_joined so far
[2026-06-08T13:40:18.101+0000] {sql.py:527} INFO - Loaded 97000 rows into buildings_flats_joined so far
[2026-06-08T13:40:18.726+0000] {sql.py:527} INFO - Loaded 98000 rows into buildings_flats_joined so far
[2026-06-08T13:40:19.376+0000] {sql.py:527} INFO - Loaded 99000 rows into buildings_flats_joined so far
[2026-06-08T13:40:20.088+0000] {sql.py:527} INFO - Loaded 100000 rows into buildings_flats_joined so far
[2026-06-08T13:40:20.790+0000] {sql.py:527} INFO - Loaded 101000 rows into buildings_flats_joined so far
[2026-06-08T13:40:21.523+0000] {sql.py:527} INFO - Loaded 102000 rows into buildings_flats_joined so far
[2026-06-08T13:40:22.263+0000] {sql.py:527} INFO - Loaded 103000 rows into buildings_flats_joined so far
[2026-06-08T13:40:22.935+0000] {sql.py:527} INFO - Loaded 104000 rows into buildings_flats_joined so far
[2026-06-08T13:40:23.645+0000] {sql.py:527} INFO - Loaded 105000 rows into buildings_flats_joined so far
[2026-06-08T13:40:24.374+0000] {sql.py:527} INFO - Loaded 106000 rows into buildings_flats_joined so far
[2026-06-08T13:40:25.090+0000] {sql.py:527} INFO - Loaded 107000 rows into buildings_flats_joined so far
[2026-06-08T13:40:25.729+0000] {sql.py:527} INFO - Loaded 108000 rows into buildings_flats_joined so far
[2026-06-08T13:40:26.460+0000] {sql.py:527} INFO - Loaded 109000 rows into buildings_flats_joined so far
[2026-06-08T13:40:27.082+0000] {sql.py:527} INFO - Loaded 110000 rows into buildings_flats_joined so far
[2026-06-08T13:40:27.703+0000] {sql.py:527} INFO - Loaded 111000 rows into buildings_flats_joined so far
[2026-06-08T13:40:28.295+0000] {sql.py:527} INFO - Loaded 112000 rows into buildings_flats_joined so far
[2026-06-08T13:40:28.990+0000] {sql.py:527} INFO - Loaded 113000 rows into buildings_flats_joined so far
[2026-06-08T13:40:29.799+0000] {sql.py:527} INFO - Loaded 114000 rows into buildings_flats_joined so far
[2026-06-08T13:40:30.577+0000] {sql.py:527} INFO - Loaded 115000 rows into buildings_flats_joined so far
[2026-06-08T13:40:31.313+0000] {sql.py:527} INFO - Loaded 116000 rows into buildings_flats_joined so far
[2026-06-08T13:40:32.151+0000] {sql.py:527} INFO - Loaded 117000 rows into buildings_flats_joined so far
[2026-06-08T13:40:33.001+0000] {sql.py:527} INFO - Loaded 118000 rows into buildings_flats_joined so far
[2026-06-08T13:40:33.828+0000] {sql.py:527} INFO - Loaded 119000 rows into buildings_flats_joined so far
[2026-06-08T13:40:34.530+0000] {sql.py:527} INFO - Loaded 120000 rows into buildings_flats_joined so far
[2026-06-08T13:40:35.448+0000] {sql.py:527} INFO - Loaded 121000 rows into buildings_flats_joined so far
[2026-06-08T13:40:36.484+0000] {sql.py:527} INFO - Loaded 122000 rows into buildings_flats_joined so far
[2026-06-08T13:40:37.333+0000] {sql.py:527} INFO - Loaded 123000 rows into buildings_flats_joined so far
[2026-06-08T13:40:38.149+0000] {sql.py:527} INFO - Loaded 124000 rows into buildings_flats_joined so far
[2026-06-08T13:40:38.998+0000] {sql.py:527} INFO - Loaded 125000 rows into buildings_flats_joined so far
[2026-06-08T13:40:39.901+0000] {sql.py:527} INFO - Loaded 126000 rows into buildings_flats_joined so far
[2026-06-08T13:40:40.733+0000] {sql.py:527} INFO - Loaded 127000 rows into buildings_flats_joined so far
[2026-06-08T13:40:41.418+0000] {sql.py:527} INFO - Loaded 128000 rows into buildings_flats_joined so far
[2026-06-08T13:40:42.124+0000] {sql.py:527} INFO - Loaded 129000 rows into buildings_flats_joined so far
[2026-06-08T13:40:42.865+0000] {sql.py:527} INFO - Loaded 130000 rows into buildings_flats_joined so far
[2026-06-08T13:40:43.562+0000] {sql.py:527} INFO - Loaded 131000 rows into buildings_flats_joined so far
[2026-06-08T13:40:44.573+0000] {sql.py:527} INFO - Loaded 132000 rows into buildings_flats_joined so far
[2026-06-08T13:40:45.462+0000] {sql.py:527} INFO - Loaded 133000 rows into buildings_flats_joined so far
[2026-06-08T13:40:46.279+0000] {sql.py:527} INFO - Loaded 134000 rows into buildings_flats_joined so far
[2026-06-08T13:40:47.214+0000] {sql.py:527} INFO - Loaded 135000 rows into buildings_flats_joined so far
[2026-06-08T13:40:48.109+0000] {sql.py:527} INFO - Loaded 136000 rows into buildings_flats_joined so far
[2026-06-08T13:40:49.258+0000] {sql.py:527} INFO - Loaded 137000 rows into buildings_flats_joined so far
[2026-06-08T13:40:50.231+0000] {sql.py:527} INFO - Loaded 138000 rows into buildings_flats_joined so far
[2026-06-08T13:40:50.929+0000] {sql.py:527} INFO - Loaded 139000 rows into buildings_flats_joined so far
[2026-06-08T13:40:51.688+0000] {sql.py:527} INFO - Loaded 140000 rows into buildings_flats_joined so far
[2026-06-08T13:40:52.367+0000] {sql.py:527} INFO - Loaded 141000 rows into buildings_flats_joined so far
[2026-06-08T13:40:52.934+0000] {sql.py:530} INFO - Done loading. Loaded a total of 141362 rows into buildings_flats_joined
[2026-06-08T13:40:53.100+0000] {python.py:194} INFO - Done. Returned value was: None
[2026-06-08T13:40:54.501+0000] {taskinstance.py:1400} INFO - Marking task as SUCCESS. dag_id=prepare_buildings_flats_dataset, task_id=load, execution_date=20260608T133431, start_date=20260608T133453, end_date=20260608T134054
[2026-06-08T13:40:54.631+0000] {local_task_job_runner.py:228} INFO - Task exited with return code 0
[2026-06-08T13:40:54.649+0000] {taskinstance.py:2778} INFO - 0 downstream tasks scheduled from follow-on schedule check
