[2026-06-09T09:43:19.177+0000] {taskinstance.py:1159} INFO - Dependencies all met for dep_context=non-requeueable deps ti=<TaskInstance: clean_buildings_flats_dataset.create_table manual__2026-06-09T09:43:09.825070+00:00 [queued]>
[2026-06-09T09:43:19.227+0000] {taskinstance.py:1159} INFO - Dependencies all met for dep_context=requeueable deps ti=<TaskInstance: clean_buildings_flats_dataset.create_table manual__2026-06-09T09:43:09.825070+00:00 [queued]>
[2026-06-09T09:43:19.227+0000] {taskinstance.py:1361} INFO - Starting attempt 1 of 1
[2026-06-09T09:43:19.275+0000] {taskinstance.py:1382} INFO - Executing <Task(_PythonDecoratedOperator): create_table> on 2026-06-09 09:43:09.825070+00:00
[2026-06-09T09:43:19.324+0000] {standard_task_runner.py:57} INFO - Started process 78 to run task
[2026-06-09T09:43:19.371+0000] {standard_task_runner.py:84} INFO - Running: ['***', 'tasks', 'run', 'clean_buildings_flats_dataset', 'create_table', 'manual__2026-06-09T09:43:09.825070+00:00', '--job-id', '58', '--raw', '--subdir', 'DAGS_FOLDER/clean_data.py', '--cfg-path', '/tmp/tmpizhzo55q']
[2026-06-09T09:43:19.380+0000] {standard_task_runner.py:85} INFO - Job 58: Subtask create_table
[2026-06-09T09:43:19.565+0000] {task_command.py:416} INFO - Running <TaskInstance: clean_buildings_flats_dataset.create_table manual__2026-06-09T09:43:09.825070+00:00 [running]> on host 8b0f0a7b5974
[2026-06-09T09:43:19.960+0000] {taskinstance.py:1662} INFO - Exporting env vars: AIRFLOW_CTX_DAG_OWNER='***' AIRFLOW_CTX_DAG_ID='clean_buildings_flats_dataset' AIRFLOW_CTX_TASK_ID='create_table' AIRFLOW_CTX_EXECUTION_DATE='2026-06-09T09:43:09.825070+00:00' AIRFLOW_CTX_TRY_NUMBER='1' AIRFLOW_CTX_DAG_RUN_ID='manual__2026-06-09T09:43:09.825070+00:00'
[2026-06-09T09:43:20.049+0000] {base.py:73} INFO - Using connection ID 'destination_db' for task execution.
[2026-06-09T09:43:20.268+0000] {taskinstance.py:1937} ERROR - Task failed with exception
Traceback (most recent call last):
  File "/home/airflow/.local/lib/python3.10/site-packages/sqlalchemy/engine/base.py", line 1910, in _execute_context
    self.dialect.do_execute(
  File "/home/airflow/.local/lib/python3.10/site-packages/sqlalchemy/engine/default.py", line 736, in do_execute
    cursor.execute(statement, parameters)
psycopg2.errors.DuplicateTable: relation "unique_building_flat" already exists


The above exception was the direct cause of the following exception:

Traceback (most recent call last):
  File "/home/airflow/.local/lib/python3.10/site-packages/airflow/decorators/base.py", line 221, in execute
    return_value = super().execute(context)
  File "/home/airflow/.local/lib/python3.10/site-packages/airflow/operators/python.py", line 192, in execute
    return_value = self.execute_callable()
  File "/home/airflow/.local/lib/python3.10/site-packages/airflow/operators/python.py", line 209, in execute_callable
    return self.python_callable(*self.op_args, **self.op_kwargs)
  File "/opt/airflow/dags/clean_data.py", line 50, in create_table
    metadata.create_all(engine)
  File "/home/airflow/.local/lib/python3.10/site-packages/sqlalchemy/sql/schema.py", line 4930, in create_all
    bind._run_ddl_visitor(
  File "/home/airflow/.local/lib/python3.10/site-packages/sqlalchemy/engine/base.py", line 3238, in _run_ddl_visitor
    conn._run_ddl_visitor(visitorcallable, element, **kwargs)
  File "/home/airflow/.local/lib/python3.10/site-packages/sqlalchemy/engine/base.py", line 2221, in _run_ddl_visitor
    visitorcallable(self.dialect, self, **kwargs).traverse_single(element)
  File "/home/airflow/.local/lib/python3.10/site-packages/sqlalchemy/sql/visitors.py", line 524, in traverse_single
    return meth(obj, **kw)
  File "/home/airflow/.local/lib/python3.10/site-packages/sqlalchemy/sql/ddl.py", line 855, in visit_metadata
    self.traverse_single(
  File "/home/airflow/.local/lib/python3.10/site-packages/sqlalchemy/sql/visitors.py", line 524, in traverse_single
    return meth(obj, **kw)
  File "/home/airflow/.local/lib/python3.10/site-packages/sqlalchemy/sql/ddl.py", line 899, in visit_table
    self.connection.execute(
  File "/home/airflow/.local/lib/python3.10/site-packages/sqlalchemy/engine/base.py", line 1385, in execute
    return meth(self, multiparams, params, _EMPTY_EXECUTION_OPTS)
  File "/home/airflow/.local/lib/python3.10/site-packages/sqlalchemy/sql/ddl.py", line 80, in _execute_on_connection
    return connection._execute_ddl(
  File "/home/airflow/.local/lib/python3.10/site-packages/sqlalchemy/engine/base.py", line 1477, in _execute_ddl
    ret = self._execute_context(
  File "/home/airflow/.local/lib/python3.10/site-packages/sqlalchemy/engine/base.py", line 1953, in _execute_context
    self._handle_dbapi_exception(
  File "/home/airflow/.local/lib/python3.10/site-packages/sqlalchemy/engine/base.py", line 2134, in _handle_dbapi_exception
    util.raise_(
  File "/home/airflow/.local/lib/python3.10/site-packages/sqlalchemy/util/compat.py", line 211, in raise_
    raise exception
  File "/home/airflow/.local/lib/python3.10/site-packages/sqlalchemy/engine/base.py", line 1910, in _execute_context
    self.dialect.do_execute(
  File "/home/airflow/.local/lib/python3.10/site-packages/sqlalchemy/engine/default.py", line 736, in do_execute
    cursor.execute(statement, parameters)
sqlalchemy.exc.ProgrammingError: (psycopg2.errors.DuplicateTable) relation "unique_building_flat" already exists

[SQL: 
CREATE TABLE buildings_flats_cleaned (
	id SERIAL NOT NULL, 
	building_id INTEGER NOT NULL, 
	build_year INTEGER, 
	building_type_int INTEGER, 
	latitude FLOAT, 
	longitude FLOAT, 
	ceiling_height FLOAT, 
	flats_count INTEGER, 
	floors_total INTEGER, 
	has_elevator VARCHAR, 
	flat_id INTEGER NOT NULL, 
	floor INTEGER, 
	kitchen_area FLOAT, 
	living_area FLOAT, 
	rooms INTEGER, 
	is_apartment VARCHAR, 
	studio VARCHAR, 
	total_area FLOAT, 
	price FLOAT, 
	PRIMARY KEY (id), 
	CONSTRAINT unique_building_flat UNIQUE (building_id, flat_id)
)

]
(Background on this error at: https://sqlalche.me/e/14/f405)
[2026-06-09T09:43:20.491+0000] {taskinstance.py:1400} INFO - Marking task as FAILED. dag_id=clean_buildings_flats_dataset, task_id=create_table, execution_date=20260609T094309, start_date=20260609T094319, end_date=20260609T094320
[2026-06-09T09:43:20.584+0000] {standard_task_runner.py:104} ERROR - Failed to execute job 58 for task create_table ((psycopg2.errors.DuplicateTable) relation "unique_building_flat" already exists

[SQL: 
CREATE TABLE buildings_flats_cleaned (
	id SERIAL NOT NULL, 
	building_id INTEGER NOT NULL, 
	build_year INTEGER, 
	building_type_int INTEGER, 
	latitude FLOAT, 
	longitude FLOAT, 
	ceiling_height FLOAT, 
	flats_count INTEGER, 
	floors_total INTEGER, 
	has_elevator VARCHAR, 
	flat_id INTEGER NOT NULL, 
	floor INTEGER, 
	kitchen_area FLOAT, 
	living_area FLOAT, 
	rooms INTEGER, 
	is_apartment VARCHAR, 
	studio VARCHAR, 
	total_area FLOAT, 
	price FLOAT, 
	PRIMARY KEY (id), 
	CONSTRAINT unique_building_flat UNIQUE (building_id, flat_id)
)

]
(Background on this error at: https://sqlalche.me/e/14/f405); 78)
[2026-06-09T09:43:20.669+0000] {local_task_job_runner.py:228} INFO - Task exited with return code 1
[2026-06-09T09:43:20.771+0000] {taskinstance.py:2778} INFO - 0 downstream tasks scheduled from follow-on schedule check
