[2026-06-07T19:33:18.135+0000] {taskinstance.py:1159} INFO - Dependencies all met for dep_context=non-requeueable deps ti=<TaskInstance: prepare_buildings_flats_dataset.transform manual__2026-06-07T19:33:00.550562+00:00 [queued]>
[2026-06-07T19:33:18.144+0000] {taskinstance.py:1159} INFO - Dependencies all met for dep_context=requeueable deps ti=<TaskInstance: prepare_buildings_flats_dataset.transform manual__2026-06-07T19:33:00.550562+00:00 [queued]>
[2026-06-07T19:33:18.144+0000] {taskinstance.py:1361} INFO - Starting attempt 1 of 1
[2026-06-07T19:33:18.159+0000] {taskinstance.py:1382} INFO - Executing <Task(_PythonDecoratedOperator): transform> on 2026-06-07 19:33:00.550562+00:00
[2026-06-07T19:33:18.166+0000] {standard_task_runner.py:57} INFO - Started process 93 to run task
[2026-06-07T19:33:18.171+0000] {standard_task_runner.py:84} INFO - Running: ['***', 'tasks', 'run', 'prepare_buildings_flats_dataset', 'transform', 'manual__2026-06-07T19:33:00.550562+00:00', '--job-id', '34', '--raw', '--subdir', 'DAGS_FOLDER/data_prep.py', '--cfg-path', '/tmp/tmpgqr92o5s']
[2026-06-07T19:33:18.172+0000] {standard_task_runner.py:85} INFO - Job 34: Subtask transform
[2026-06-07T19:33:18.223+0000] {task_command.py:416} INFO - Running <TaskInstance: prepare_buildings_flats_dataset.transform manual__2026-06-07T19:33:00.550562+00:00 [running]> on host 3f0a7d11b5b9
[2026-06-07T19:33:18.664+0000] {taskinstance.py:1662} INFO - Exporting env vars: AIRFLOW_CTX_DAG_OWNER='***' AIRFLOW_CTX_DAG_ID='prepare_buildings_flats_dataset' AIRFLOW_CTX_TASK_ID='transform' AIRFLOW_CTX_EXECUTION_DATE='2026-06-07T19:33:00.550562+00:00' AIRFLOW_CTX_TRY_NUMBER='1' AIRFLOW_CTX_DAG_RUN_ID='manual__2026-06-07T19:33:00.550562+00:00'
[2026-06-07T19:33:18.666+0000] {python.py:194} INFO - Done. Returned value was:         building_id  build_year  ...  total_area     price
0              6220        1965  ...   35.099998   9500000
1             18012        2001  ...   43.000000  13500000
2             17821        2000  ...   56.000000  13500000
3             18579        2002  ...   76.000000  20000000
4              9293        1971  ...   24.000000   5200000
...             ...         ...  ...         ...       ...
141357        22455        2013  ...   42.000000  10500000
141358         3162        1960  ...   41.110001   7400000
141359         6513        1966  ...   31.500000   9700000
141360        23952        2017  ...   65.300003  11750000
141361        15104        1988  ...   38.000000   8000000

[141362 rows x 18 columns]
[2026-06-07T19:33:19.723+0000] {taskinstance.py:1400} INFO - Marking task as SUCCESS. dag_id=prepare_buildings_flats_dataset, task_id=transform, execution_date=20260607T193300, start_date=20260607T193318, end_date=20260607T193319
[2026-06-07T19:33:19.754+0000] {local_task_job_runner.py:228} INFO - Task exited with return code 0
[2026-06-07T19:33:19.777+0000] {taskinstance.py:2778} INFO - 1 downstream tasks scheduled from follow-on schedule check
