[2026-06-09T11:42:42.896+0000] {taskinstance.py:1159} INFO - Dependencies all met for dep_context=non-requeueable deps ti=<TaskInstance: clean_buildings_flats_dataset.transform manual__2026-06-09T11:42:30.048125+00:00 [queued]>
[2026-06-09T11:42:42.927+0000] {taskinstance.py:1159} INFO - Dependencies all met for dep_context=requeueable deps ti=<TaskInstance: clean_buildings_flats_dataset.transform manual__2026-06-09T11:42:30.048125+00:00 [queued]>
[2026-06-09T11:42:42.928+0000] {taskinstance.py:1361} INFO - Starting attempt 1 of 1
[2026-06-09T11:42:42.964+0000] {taskinstance.py:1382} INFO - Executing <Task(_PythonDecoratedOperator): transform> on 2026-06-09 11:42:30.048125+00:00
[2026-06-09T11:42:42.980+0000] {standard_task_runner.py:57} INFO - Started process 95 to run task
[2026-06-09T11:42:42.993+0000] {standard_task_runner.py:84} INFO - Running: ['***', 'tasks', 'run', 'clean_buildings_flats_dataset', 'transform', 'manual__2026-06-09T11:42:30.048125+00:00', '--job-id', '14', '--raw', '--subdir', 'DAGS_FOLDER/clean_data.py', '--cfg-path', '/tmp/tmpg73smjpf']
[2026-06-09T11:42:42.995+0000] {standard_task_runner.py:85} INFO - Job 14: Subtask transform
[2026-06-09T11:42:43.105+0000] {task_command.py:416} INFO - Running <TaskInstance: clean_buildings_flats_dataset.transform manual__2026-06-09T11:42:30.048125+00:00 [running]> on host a0fbfaad6f8e
[2026-06-09T11:42:44.299+0000] {taskinstance.py:1662} INFO - Exporting env vars: AIRFLOW_CTX_DAG_OWNER='***' AIRFLOW_CTX_DAG_ID='clean_buildings_flats_dataset' AIRFLOW_CTX_TASK_ID='transform' AIRFLOW_CTX_EXECUTION_DATE='2026-06-09T11:42:30.048125+00:00' AIRFLOW_CTX_TRY_NUMBER='1' AIRFLOW_CTX_DAG_RUN_ID='manual__2026-06-09T11:42:30.048125+00:00'
[2026-06-09T11:42:44.303+0000] {taskinstance.py:1937} ERROR - Task failed with exception
Traceback (most recent call last):
  File "/home/airflow/.local/lib/python3.10/site-packages/airflow/decorators/base.py", line 221, in execute
    return_value = super().execute(context)
  File "/home/airflow/.local/lib/python3.10/site-packages/airflow/operators/python.py", line 192, in execute
    return_value = self.execute_callable()
  File "/home/airflow/.local/lib/python3.10/site-packages/airflow/operators/python.py", line 209, in execute_callable
    return self.python_callable(*self.op_args, **self.op_kwargs)
  File "/opt/airflow/dags/clean_data.py", line 90, in transform
    data = remove_duplicates(data)
  File "/opt/airflow/dags/clean_data.py", line 70, in remove_duplicates
    feature_cols = df.columns.drop('id','building_id', 'flat_id').tolist()
TypeError: Index.drop() takes from 2 to 3 positional arguments but 4 were given
[2026-06-09T11:42:44.325+0000] {taskinstance.py:1400} INFO - Marking task as FAILED. dag_id=clean_buildings_flats_dataset, task_id=transform, execution_date=20260609T114230, start_date=20260609T114242, end_date=20260609T114244
[2026-06-09T11:42:44.377+0000] {standard_task_runner.py:104} ERROR - Failed to execute job 14 for task transform (Index.drop() takes from 2 to 3 positional arguments but 4 were given; 95)
[2026-06-09T11:42:44.430+0000] {local_task_job_runner.py:228} INFO - Task exited with return code 1
[2026-06-09T11:42:44.478+0000] {taskinstance.py:2778} INFO - 0 downstream tasks scheduled from follow-on schedule check
