[2026-06-09T10:46:36.134+0000] {taskinstance.py:1159} INFO - Dependencies all met for dep_context=non-requeueable deps ti=<TaskInstance: clean_buildings_flats_dataset.transform manual__2026-06-09T10:46:19.854750+00:00 [queued]>
[2026-06-09T10:46:36.158+0000] {taskinstance.py:1159} INFO - Dependencies all met for dep_context=requeueable deps ti=<TaskInstance: clean_buildings_flats_dataset.transform manual__2026-06-09T10:46:19.854750+00:00 [queued]>
[2026-06-09T10:46:36.163+0000] {taskinstance.py:1361} INFO - Starting attempt 1 of 1
[2026-06-09T10:46:36.223+0000] {taskinstance.py:1382} INFO - Executing <Task(_PythonDecoratedOperator): transform> on 2026-06-09 10:46:19.854750+00:00
[2026-06-09T10:46:36.244+0000] {standard_task_runner.py:57} INFO - Started process 204 to run task
[2026-06-09T10:46:36.269+0000] {standard_task_runner.py:84} INFO - Running: ['***', 'tasks', 'run', 'clean_buildings_flats_dataset', 'transform', 'manual__2026-06-09T10:46:19.854750+00:00', '--job-id', '75', '--raw', '--subdir', 'DAGS_FOLDER/clean_data.py', '--cfg-path', '/tmp/tmpqpcs8ycj']
[2026-06-09T10:46:36.272+0000] {standard_task_runner.py:85} INFO - Job 75: Subtask transform
[2026-06-09T10:46:36.517+0000] {task_command.py:416} INFO - Running <TaskInstance: clean_buildings_flats_dataset.transform manual__2026-06-09T10:46:19.854750+00:00 [running]> on host cae6c763b690
[2026-06-09T10:46:37.923+0000] {taskinstance.py:1662} INFO - Exporting env vars: AIRFLOW_CTX_DAG_OWNER='***' AIRFLOW_CTX_DAG_ID='clean_buildings_flats_dataset' AIRFLOW_CTX_TASK_ID='transform' AIRFLOW_CTX_EXECUTION_DATE='2026-06-09T10:46:19.854750+00:00' AIRFLOW_CTX_TRY_NUMBER='1' AIRFLOW_CTX_DAG_RUN_ID='manual__2026-06-09T10:46:19.854750+00:00'
[2026-06-09T10:46:37.928+0000] {taskinstance.py:1937} ERROR - Task failed with exception
Traceback (most recent call last):
  File "/home/airflow/.local/lib/python3.10/site-packages/airflow/decorators/base.py", line 221, in execute
    return_value = super().execute(context)
  File "/home/airflow/.local/lib/python3.10/site-packages/airflow/operators/python.py", line 192, in execute
    return_value = self.execute_callable()
  File "/home/airflow/.local/lib/python3.10/site-packages/airflow/operators/python.py", line 209, in execute_callable
    return self.python_callable(*self.op_args, **self.op_kwargs)
  File "/opt/airflow/dags/clean_data.py", line 90, in transform
    data = remove_duplicates(data)
  File "/opt/airflow/dags/clean_data.py", line 70, in remove_duplicates
    feature_cols = df.columns.drop('id','building_id', 'flat_id').tolist()
TypeError: Index.drop() takes from 2 to 3 positional arguments but 4 were given
[2026-06-09T10:46:37.971+0000] {taskinstance.py:1400} INFO - Marking task as FAILED. dag_id=clean_buildings_flats_dataset, task_id=transform, execution_date=20260609T104619, start_date=20260609T104636, end_date=20260609T104637
[2026-06-09T10:46:38.031+0000] {standard_task_runner.py:104} ERROR - Failed to execute job 75 for task transform (Index.drop() takes from 2 to 3 positional arguments but 4 were given; 204)
[2026-06-09T10:46:38.113+0000] {local_task_job_runner.py:228} INFO - Task exited with return code 1
[2026-06-09T10:46:38.185+0000] {taskinstance.py:2778} INFO - 0 downstream tasks scheduled from follow-on schedule check
