[2026-06-10T09:22:50.132+0000] {taskinstance.py:1159} INFO - Dependencies all met for dep_context=non-requeueable deps ti=<TaskInstance: clean_buildings_flats_dataset.load manual__2026-06-10T09:22:27.219112+00:00 [queued]>
[2026-06-10T09:22:50.145+0000] {taskinstance.py:1159} INFO - Dependencies all met for dep_context=requeueable deps ti=<TaskInstance: clean_buildings_flats_dataset.load manual__2026-06-10T09:22:27.219112+00:00 [queued]>
[2026-06-10T09:22:50.145+0000] {taskinstance.py:1361} INFO - Starting attempt 1 of 1
[2026-06-10T09:22:50.167+0000] {taskinstance.py:1382} INFO - Executing <Task(_PythonDecoratedOperator): load> on 2026-06-10 09:22:27.219112+00:00
[2026-06-10T09:22:50.176+0000] {standard_task_runner.py:57} INFO - Started process 82 to run task
[2026-06-10T09:22:50.184+0000] {standard_task_runner.py:84} INFO - Running: ['***', 'tasks', 'run', 'clean_buildings_flats_dataset', 'load', 'manual__2026-06-10T09:22:27.219112+00:00', '--job-id', '37', '--raw', '--subdir', 'DAGS_FOLDER/clean_data.py', '--cfg-path', '/tmp/tmpdqaxeicv']
[2026-06-10T09:22:50.186+0000] {standard_task_runner.py:85} INFO - Job 37: Subtask load
[2026-06-10T09:22:50.279+0000] {task_command.py:416} INFO - Running <TaskInstance: clean_buildings_flats_dataset.load manual__2026-06-10T09:22:27.219112+00:00 [running]> on host e1e499dc3973
[2026-06-10T09:22:50.875+0000] {taskinstance.py:1662} INFO - Exporting env vars: AIRFLOW_CTX_DAG_OWNER='***' AIRFLOW_CTX_DAG_ID='clean_buildings_flats_dataset' AIRFLOW_CTX_TASK_ID='load' AIRFLOW_CTX_EXECUTION_DATE='2026-06-10T09:22:27.219112+00:00' AIRFLOW_CTX_TRY_NUMBER='1' AIRFLOW_CTX_DAG_RUN_ID='manual__2026-06-10T09:22:27.219112+00:00'
[2026-06-10T09:22:50.889+0000] {base.py:73} INFO - Using connection ID 'destination_db' for task execution.
[2026-06-10T09:22:51.744+0000] {base.py:73} INFO - Using connection ID 'destination_db' for task execution.
[2026-06-10T09:22:51.782+0000] {taskinstance.py:1937} ERROR - Task failed with exception
Traceback (most recent call last):
  File "/home/airflow/.local/lib/python3.10/site-packages/airflow/decorators/base.py", line 221, in execute
    return_value = super().execute(context)
  File "/home/airflow/.local/lib/python3.10/site-packages/airflow/operators/python.py", line 192, in execute
    return_value = self.execute_callable()
  File "/home/airflow/.local/lib/python3.10/site-packages/airflow/operators/python.py", line 209, in execute_callable
    return self.python_callable(*self.op_args, **self.op_kwargs)
  File "/opt/airflow/dags/clean_data.py", line 105, in load
    hook.insert_rows(
  File "/home/airflow/.local/lib/python3.10/site-packages/airflow/providers/common/sql/hooks/sql.py", line 524, in insert_rows
    cur.execute(sql, values)
psycopg2.errors.InvalidColumnReference: there is no unique or exclusion constraint matching the ON CONFLICT specification

[2026-06-10T09:22:51.833+0000] {taskinstance.py:1400} INFO - Marking task as FAILED. dag_id=clean_buildings_flats_dataset, task_id=load, execution_date=20260610T092227, start_date=20260610T092250, end_date=20260610T092251
[2026-06-10T09:22:51.874+0000] {standard_task_runner.py:104} ERROR - Failed to execute job 37 for task load (there is no unique or exclusion constraint matching the ON CONFLICT specification
; 82)
[2026-06-10T09:22:51.996+0000] {local_task_job_runner.py:228} INFO - Task exited with return code 1
[2026-06-10T09:22:52.051+0000] {taskinstance.py:2778} INFO - 0 downstream tasks scheduled from follow-on schedule check
