[2026-06-07T19:09:58.576+0000] {taskinstance.py:1159} INFO - Dependencies all met for dep_context=non-requeueable deps ti=<TaskInstance: prepare_buildings_flats_dataset.load manual__2026-06-07T19:09:44.807838+00:00 [queued]>
[2026-06-07T19:09:58.589+0000] {taskinstance.py:1159} INFO - Dependencies all met for dep_context=requeueable deps ti=<TaskInstance: prepare_buildings_flats_dataset.load manual__2026-06-07T19:09:44.807838+00:00 [queued]>
[2026-06-07T19:09:58.589+0000] {taskinstance.py:1361} INFO - Starting attempt 1 of 1
[2026-06-07T19:09:58.610+0000] {taskinstance.py:1382} INFO - Executing <Task(_PythonDecoratedOperator): load> on 2026-06-07 19:09:44.807838+00:00
[2026-06-07T19:09:58.630+0000] {standard_task_runner.py:57} INFO - Started process 111 to run task
[2026-06-07T19:09:58.645+0000] {standard_task_runner.py:84} INFO - Running: ['***', 'tasks', 'run', 'prepare_buildings_flats_dataset', 'load', 'manual__2026-06-07T19:09:44.807838+00:00', '--job-id', '23', '--raw', '--subdir', 'DAGS_FOLDER/data_prep.py', '--cfg-path', '/tmp/tmpm20w0oyw']
[2026-06-07T19:09:58.646+0000] {standard_task_runner.py:85} INFO - Job 23: Subtask load
[2026-06-07T19:09:58.769+0000] {task_command.py:416} INFO - Running <TaskInstance: prepare_buildings_flats_dataset.load manual__2026-06-07T19:09:44.807838+00:00 [running]> on host 268ec49f8b4b
[2026-06-07T19:09:59.287+0000] {taskinstance.py:1662} INFO - Exporting env vars: AIRFLOW_CTX_DAG_OWNER='***' AIRFLOW_CTX_DAG_ID='prepare_buildings_flats_dataset' AIRFLOW_CTX_TASK_ID='load' AIRFLOW_CTX_EXECUTION_DATE='2026-06-07T19:09:44.807838+00:00' AIRFLOW_CTX_TRY_NUMBER='1' AIRFLOW_CTX_DAG_RUN_ID='manual__2026-06-07T19:09:44.807838+00:00'
[2026-06-07T19:09:59.768+0000] {base.py:73} INFO - Using connection ID 'destination_db' for task execution.
[2026-06-07T19:09:59.783+0000] {taskinstance.py:1937} ERROR - Task failed with exception
Traceback (most recent call last):
  File "/home/airflow/.local/lib/python3.8/site-packages/airflow/decorators/base.py", line 221, in execute
    return_value = super().execute(context)
  File "/home/airflow/.local/lib/python3.8/site-packages/airflow/operators/python.py", line 192, in execute
    return_value = self.execute_callable()
  File "/home/airflow/.local/lib/python3.8/site-packages/airflow/operators/python.py", line 209, in execute_callable
    return self.python_callable(*self.op_args, **self.op_kwargs)
  File "/opt/airflow/dags/data_prep.py", line 99, in load
    hook.insert_rows(
  File "/home/airflow/.local/lib/python3.8/site-packages/airflow/providers/common/sql/hooks/sql.py", line 509, in insert_rows
    cur.execute(sql, values)
psycopg2.errors.UndefinedColumn: column "customer_id" does not exist
LINE 1: ...lse,false,35.099998474121094,9500000) ON CONFLICT (customer_...
                                                             ^

[2026-06-07T19:09:59.795+0000] {taskinstance.py:1400} INFO - Marking task as FAILED. dag_id=prepare_buildings_flats_dataset, task_id=load, execution_date=20260607T190944, start_date=20260607T190958, end_date=20260607T190959
[2026-06-07T19:09:59.820+0000] {standard_task_runner.py:104} ERROR - Failed to execute job 23 for task load (column "customer_id" does not exist
LINE 1: ...lse,false,35.099998474121094,9500000) ON CONFLICT (customer_...
                                                             ^
; 111)
[2026-06-07T19:09:59.901+0000] {local_task_job_runner.py:228} INFO - Task exited with return code 1
[2026-06-07T19:09:59.930+0000] {taskinstance.py:2778} INFO - 0 downstream tasks scheduled from follow-on schedule check
