[2026-06-07T17:17:39.458+0000] {taskinstance.py:1159} INFO - Dependencies all met for dep_context=non-requeueable deps ti=<TaskInstance: prepare_buildings_flats_dataset.extract manual__2026-06-07T17:17:33.261393+00:00 [queued]>
[2026-06-07T17:17:39.482+0000] {taskinstance.py:1159} INFO - Dependencies all met for dep_context=requeueable deps ti=<TaskInstance: prepare_buildings_flats_dataset.extract manual__2026-06-07T17:17:33.261393+00:00 [queued]>
[2026-06-07T17:17:39.483+0000] {taskinstance.py:1361} INFO - Starting attempt 1 of 1
[2026-06-07T17:17:39.526+0000] {taskinstance.py:1382} INFO - Executing <Task(_PythonDecoratedOperator): extract> on 2026-06-07 17:17:33.261393+00:00
[2026-06-07T17:17:39.538+0000] {standard_task_runner.py:57} INFO - Started process 225 to run task
[2026-06-07T17:17:39.554+0000] {standard_task_runner.py:84} INFO - Running: ['***', 'tasks', 'run', 'prepare_buildings_flats_dataset', 'extract', 'manual__2026-06-07T17:17:33.261393+00:00', '--job-id', '11', '--raw', '--subdir', 'DAGS_FOLDER/data_prep.py', '--cfg-path', '/tmp/tmpmp9chfyq']
[2026-06-07T17:17:39.558+0000] {standard_task_runner.py:85} INFO - Job 11: Subtask extract
[2026-06-07T17:17:39.734+0000] {task_command.py:416} INFO - Running <TaskInstance: prepare_buildings_flats_dataset.extract manual__2026-06-07T17:17:33.261393+00:00 [running]> on host 163e5cb8f82e
[2026-06-07T17:17:40.002+0000] {taskinstance.py:1662} INFO - Exporting env vars: AIRFLOW_CTX_DAG_OWNER='***' AIRFLOW_CTX_DAG_ID='prepare_buildings_flats_dataset' AIRFLOW_CTX_TASK_ID='extract' AIRFLOW_CTX_EXECUTION_DATE='2026-06-07T17:17:33.261393+00:00' AIRFLOW_CTX_TRY_NUMBER='1' AIRFLOW_CTX_DAG_RUN_ID='manual__2026-06-07T17:17:33.261393+00:00'
[2026-06-07T17:17:40.049+0000] {base.py:73} INFO - Using connection ID 'source_db' for task execution.
[2026-06-07T17:17:40.136+0000] {warnings.py:109} WARNING - /opt/***/dags/data_prep.py:87: UserWarning: pandas only supports SQLAlchemy connectable (engine/connection) or database string URI or sqlite3 DBAPI2 connection. Other DBAPI2 objects are not tested. Please consider using SQLAlchemy.
  data = pd.read_sql(sql, conn)

[2026-06-07T17:17:40.161+0000] {taskinstance.py:1937} ERROR - Task failed with exception
Traceback (most recent call last):
  File "/home/airflow/.local/lib/python3.8/site-packages/pandas/io/sql.py", line 2202, in execute
    cur.execute(sql, *args)
psycopg2.errors.UndefinedTable: relation "buildings" does not exist
LINE 21:                 FROM buildings b
                              ^


The above exception was the direct cause of the following exception:

Traceback (most recent call last):
  File "/home/airflow/.local/lib/python3.8/site-packages/airflow/decorators/base.py", line 221, in execute
    return_value = super().execute(context)
  File "/home/airflow/.local/lib/python3.8/site-packages/airflow/operators/python.py", line 192, in execute
    return_value = self.execute_callable()
  File "/home/airflow/.local/lib/python3.8/site-packages/airflow/operators/python.py", line 209, in execute_callable
    return self.python_callable(*self.op_args, **self.op_kwargs)
  File "/opt/airflow/dags/data_prep.py", line 87, in extract
    data = pd.read_sql(sql, conn)
  File "/home/airflow/.local/lib/python3.8/site-packages/pandas/io/sql.py", line 635, in read_sql
    return pandas_sql.read_query(
  File "/home/airflow/.local/lib/python3.8/site-packages/pandas/io/sql.py", line 2266, in read_query
    cursor = self.execute(sql, params)
  File "/home/airflow/.local/lib/python3.8/site-packages/pandas/io/sql.py", line 2214, in execute
    raise ex from exc
pandas.errors.DatabaseError: Execution failed on sql '
                SELECT 
                    b.id AS building_id,
                    b.build_year,
                    b.building_type_int,
                    b.latitude,
                    b.longitude,
                    b.ceiling_height,
                    b.flats_count,
                    b.floors_total,
                    b.has_elevator,
                    f.id AS flat_id,
                    f.floor,
                    f.kitchen_area,
                    f.living_area,
                    f.rooms,
                    f.is_apartment,
                    f.studio,
                    f.total_area,
                    f.price
                FROM buildings b
                INNER JOIN flats f ON b.id = f.building_id
        ': relation "buildings" does not exist
LINE 21:                 FROM buildings b
                              ^

[2026-06-07T17:17:40.192+0000] {taskinstance.py:1400} INFO - Marking task as FAILED. dag_id=prepare_buildings_flats_dataset, task_id=extract, execution_date=20260607T171733, start_date=20260607T171739, end_date=20260607T171740
[2026-06-07T17:17:40.239+0000] {standard_task_runner.py:104} ERROR - Failed to execute job 11 for task extract (Execution failed on sql '
                SELECT 
                    b.id AS building_id,
                    b.build_year,
                    b.building_type_int,
                    b.latitude,
                    b.longitude,
                    b.ceiling_height,
                    b.flats_count,
                    b.floors_total,
                    b.has_elevator,
                    f.id AS flat_id,
                    f.floor,
                    f.kitchen_area,
                    f.living_area,
                    f.rooms,
                    f.is_apartment,
                    f.studio,
                    f.total_area,
                    f.price
                FROM buildings b
                INNER JOIN flats f ON b.id = f.building_id
        ': relation "buildings" does not exist
LINE 21:                 FROM buildings b
                              ^
; 225)
[2026-06-07T17:17:40.317+0000] {local_task_job_runner.py:228} INFO - Task exited with return code 1
[2026-06-07T17:17:40.398+0000] {taskinstance.py:2778} INFO - 0 downstream tasks scheduled from follow-on schedule check
