[2026-06-10T09:32:26.634+0000] {taskinstance.py:1159} INFO - Dependencies all met for dep_context=non-requeueable deps ti=<TaskInstance: clean_buildings_flats_dataset.load manual__2026-06-10T09:32:08.960548+00:00 [queued]>
[2026-06-10T09:32:26.651+0000] {taskinstance.py:1159} INFO - Dependencies all met for dep_context=requeueable deps ti=<TaskInstance: clean_buildings_flats_dataset.load manual__2026-06-10T09:32:08.960548+00:00 [queued]>
[2026-06-10T09:32:26.651+0000] {taskinstance.py:1361} INFO - Starting attempt 1 of 1
[2026-06-10T09:32:26.678+0000] {taskinstance.py:1382} INFO - Executing <Task(_PythonDecoratedOperator): load> on 2026-06-10 09:32:08.960548+00:00
[2026-06-10T09:32:26.686+0000] {standard_task_runner.py:57} INFO - Started process 103 to run task
[2026-06-10T09:32:26.691+0000] {standard_task_runner.py:84} INFO - Running: ['***', 'tasks', 'run', 'clean_buildings_flats_dataset', 'load', 'manual__2026-06-10T09:32:08.960548+00:00', '--job-id', '43', '--raw', '--subdir', 'DAGS_FOLDER/clean_data.py', '--cfg-path', '/tmp/tmp5w92q815']
[2026-06-10T09:32:26.692+0000] {standard_task_runner.py:85} INFO - Job 43: Subtask load
[2026-06-10T09:32:26.760+0000] {task_command.py:416} INFO - Running <TaskInstance: clean_buildings_flats_dataset.load manual__2026-06-10T09:32:08.960548+00:00 [running]> on host b6ddae4f731e
[2026-06-10T09:32:27.218+0000] {taskinstance.py:1662} INFO - Exporting env vars: AIRFLOW_CTX_DAG_OWNER='***' AIRFLOW_CTX_DAG_ID='clean_buildings_flats_dataset' AIRFLOW_CTX_TASK_ID='load' AIRFLOW_CTX_EXECUTION_DATE='2026-06-10T09:32:08.960548+00:00' AIRFLOW_CTX_TRY_NUMBER='1' AIRFLOW_CTX_DAG_RUN_ID='manual__2026-06-10T09:32:08.960548+00:00'
[2026-06-10T09:32:27.232+0000] {base.py:73} INFO - Using connection ID 'destination_db' for task execution.
[2026-06-10T09:32:27.262+0000] {taskinstance.py:1937} ERROR - Task failed with exception
Traceback (most recent call last):
  File "/home/airflow/.local/lib/python3.10/site-packages/airflow/decorators/base.py", line 221, in execute
    return_value = super().execute(context)
  File "/home/airflow/.local/lib/python3.10/site-packages/airflow/operators/python.py", line 192, in execute
    return_value = self.execute_callable()
  File "/home/airflow/.local/lib/python3.10/site-packages/airflow/operators/python.py", line 209, in execute_callable
    return self.python_callable(*self.op_args, **self.op_kwargs)
  File "/opt/airflow/dags/clean_data.py", line 102, in load
    cursor.execute("TRUNCATE TABLE buildings_flats_cleaned")
psycopg2.errors.UndefinedTable: relation "buildings_flats_cleaned" does not exist

[2026-06-10T09:32:27.273+0000] {taskinstance.py:1400} INFO - Marking task as FAILED. dag_id=clean_buildings_flats_dataset, task_id=load, execution_date=20260610T093208, start_date=20260610T093226, end_date=20260610T093227
[2026-06-10T09:32:27.288+0000] {standard_task_runner.py:104} ERROR - Failed to execute job 43 for task load (relation "buildings_flats_cleaned" does not exist
; 103)
[2026-06-10T09:32:27.309+0000] {local_task_job_runner.py:228} INFO - Task exited with return code 1
[2026-06-10T09:32:27.325+0000] {taskinstance.py:2778} INFO - 0 downstream tasks scheduled from follow-on schedule check
