[2026-06-09T09:43:43.879+0000] {taskinstance.py:1159} INFO - Dependencies all met for dep_context=non-requeueable deps ti=<TaskInstance: clean_buildings_flats_dataset.transform scheduled__2023-01-01T00:00:00+00:00 [queued]>
[2026-06-09T09:43:43.936+0000] {taskinstance.py:1159} INFO - Dependencies all met for dep_context=requeueable deps ti=<TaskInstance: clean_buildings_flats_dataset.transform scheduled__2023-01-01T00:00:00+00:00 [queued]>
[2026-06-09T09:43:43.937+0000] {taskinstance.py:1361} INFO - Starting attempt 1 of 1
[2026-06-09T09:43:44.011+0000] {taskinstance.py:1382} INFO - Executing <Task(_PythonDecoratedOperator): transform> on 2023-01-01 00:00:00+00:00
[2026-06-09T09:43:44.045+0000] {standard_task_runner.py:57} INFO - Started process 98 to run task
[2026-06-09T09:43:44.090+0000] {standard_task_runner.py:84} INFO - Running: ['***', 'tasks', 'run', 'clean_buildings_flats_dataset', 'transform', 'scheduled__2023-01-01T00:00:00+00:00', '--job-id', '63', '--raw', '--subdir', 'DAGS_FOLDER/clean_data.py', '--cfg-path', '/tmp/tmpzmxo_4ga']
[2026-06-09T09:43:44.093+0000] {standard_task_runner.py:85} INFO - Job 63: Subtask transform
[2026-06-09T09:43:44.264+0000] {task_command.py:416} INFO - Running <TaskInstance: clean_buildings_flats_dataset.transform scheduled__2023-01-01T00:00:00+00:00 [running]> on host 8b0f0a7b5974
[2026-06-09T09:43:45.568+0000] {taskinstance.py:1662} INFO - Exporting env vars: AIRFLOW_CTX_DAG_OWNER='***' AIRFLOW_CTX_DAG_ID='clean_buildings_flats_dataset' AIRFLOW_CTX_TASK_ID='transform' AIRFLOW_CTX_EXECUTION_DATE='2023-01-01T00:00:00+00:00' AIRFLOW_CTX_TRY_NUMBER='1' AIRFLOW_CTX_DAG_RUN_ID='scheduled__2023-01-01T00:00:00+00:00'
[2026-06-09T09:43:45.570+0000] {taskinstance.py:1937} ERROR - Task failed with exception
Traceback (most recent call last):
  File "/home/airflow/.local/lib/python3.10/site-packages/airflow/decorators/base.py", line 221, in execute
    return_value = super().execute(context)
  File "/home/airflow/.local/lib/python3.10/site-packages/airflow/operators/python.py", line 192, in execute
    return_value = self.execute_callable()
  File "/home/airflow/.local/lib/python3.10/site-packages/airflow/operators/python.py", line 209, in execute_callable
    return self.python_callable(*self.op_args, **self.op_kwargs)
  File "/opt/airflow/dags/clean_data.py", line 87, in transform
    data = remove_duplicates(data)
  File "/opt/airflow/dags/clean_data.py", line 67, in remove_duplicates
    feature_cols = df.columns.drop('id','building_id', 'flat_id').tolist()
TypeError: Index.drop() takes from 2 to 3 positional arguments but 4 were given
[2026-06-09T09:43:45.598+0000] {taskinstance.py:1400} INFO - Marking task as FAILED. dag_id=clean_buildings_flats_dataset, task_id=transform, execution_date=20230101T000000, start_date=20260609T094343, end_date=20260609T094345
[2026-06-09T09:43:45.640+0000] {standard_task_runner.py:104} ERROR - Failed to execute job 63 for task transform (Index.drop() takes from 2 to 3 positional arguments but 4 were given; 98)
[2026-06-09T09:43:45.726+0000] {local_task_job_runner.py:228} INFO - Task exited with return code 1
[2026-06-09T09:43:45.806+0000] {taskinstance.py:2778} INFO - 0 downstream tasks scheduled from follow-on schedule check
