[2026-06-10T11:25:46.285+0000] {taskinstance.py:1159} INFO - Dependencies all met for dep_context=non-requeueable deps ti=<TaskInstance: clean_buildings_flats_dataset.load manual__2026-06-10T11:25:28.923810+00:00 [queued]>
[2026-06-10T11:25:46.295+0000] {taskinstance.py:1159} INFO - Dependencies all met for dep_context=requeueable deps ti=<TaskInstance: clean_buildings_flats_dataset.load manual__2026-06-10T11:25:28.923810+00:00 [queued]>
[2026-06-10T11:25:46.295+0000] {taskinstance.py:1361} INFO - Starting attempt 1 of 1
[2026-06-10T11:25:46.309+0000] {taskinstance.py:1382} INFO - Executing <Task(_PythonDecoratedOperator): load> on 2026-06-10 11:25:28.923810+00:00
[2026-06-10T11:25:46.316+0000] {standard_task_runner.py:57} INFO - Started process 104 to run task
[2026-06-10T11:25:46.321+0000] {standard_task_runner.py:84} INFO - Running: ['***', 'tasks', 'run', 'clean_buildings_flats_dataset', 'load', 'manual__2026-06-10T11:25:28.923810+00:00', '--job-id', '57', '--raw', '--subdir', 'DAGS_FOLDER/clean_data.py', '--cfg-path', '/tmp/tmpdd06ju9o']
[2026-06-10T11:25:46.322+0000] {standard_task_runner.py:85} INFO - Job 57: Subtask load
[2026-06-10T11:25:46.368+0000] {task_command.py:416} INFO - Running <TaskInstance: clean_buildings_flats_dataset.load manual__2026-06-10T11:25:28.923810+00:00 [running]> on host 8eb480cf8cbb
[2026-06-10T11:25:46.955+0000] {taskinstance.py:1662} INFO - Exporting env vars: AIRFLOW_CTX_DAG_OWNER='***' AIRFLOW_CTX_DAG_ID='clean_buildings_flats_dataset' AIRFLOW_CTX_TASK_ID='load' AIRFLOW_CTX_EXECUTION_DATE='2026-06-10T11:25:28.923810+00:00' AIRFLOW_CTX_TRY_NUMBER='1' AIRFLOW_CTX_DAG_RUN_ID='manual__2026-06-10T11:25:28.923810+00:00'
[2026-06-10T11:25:46.986+0000] {base.py:73} INFO - Using connection ID 'destination_db' for task execution.
[2026-06-10T11:25:47.832+0000] {base.py:73} INFO - Using connection ID 'destination_db' for task execution.
[2026-06-10T11:25:48.635+0000] {sql.py:527} INFO - Loaded 1000 rows into buildings_flats_cleaned so far
[2026-06-10T11:25:49.324+0000] {sql.py:527} INFO - Loaded 2000 rows into buildings_flats_cleaned so far
[2026-06-10T11:25:50.123+0000] {sql.py:527} INFO - Loaded 3000 rows into buildings_flats_cleaned so far
[2026-06-10T11:25:50.944+0000] {sql.py:527} INFO - Loaded 4000 rows into buildings_flats_cleaned so far
[2026-06-10T11:25:51.794+0000] {sql.py:527} INFO - Loaded 5000 rows into buildings_flats_cleaned so far
[2026-06-10T11:25:52.554+0000] {sql.py:527} INFO - Loaded 6000 rows into buildings_flats_cleaned so far
[2026-06-10T11:25:53.290+0000] {sql.py:527} INFO - Loaded 7000 rows into buildings_flats_cleaned so far
[2026-06-10T11:25:54.049+0000] {sql.py:527} INFO - Loaded 8000 rows into buildings_flats_cleaned so far
[2026-06-10T11:25:54.823+0000] {sql.py:527} INFO - Loaded 9000 rows into buildings_flats_cleaned so far
[2026-06-10T11:25:55.469+0000] {sql.py:527} INFO - Loaded 10000 rows into buildings_flats_cleaned so far
[2026-06-10T11:25:56.156+0000] {sql.py:527} INFO - Loaded 11000 rows into buildings_flats_cleaned so far
[2026-06-10T11:25:56.768+0000] {sql.py:527} INFO - Loaded 12000 rows into buildings_flats_cleaned so far
[2026-06-10T11:25:57.418+0000] {sql.py:527} INFO - Loaded 13000 rows into buildings_flats_cleaned so far
[2026-06-10T11:25:58.142+0000] {sql.py:527} INFO - Loaded 14000 rows into buildings_flats_cleaned so far
[2026-06-10T11:25:58.802+0000] {sql.py:527} INFO - Loaded 15000 rows into buildings_flats_cleaned so far
[2026-06-10T11:25:59.597+0000] {sql.py:527} INFO - Loaded 16000 rows into buildings_flats_cleaned so far
[2026-06-10T11:26:00.402+0000] {sql.py:527} INFO - Loaded 17000 rows into buildings_flats_cleaned so far
[2026-06-10T11:26:01.387+0000] {sql.py:527} INFO - Loaded 18000 rows into buildings_flats_cleaned so far
[2026-06-10T11:26:02.367+0000] {sql.py:527} INFO - Loaded 19000 rows into buildings_flats_cleaned so far
[2026-06-10T11:26:03.458+0000] {sql.py:527} INFO - Loaded 20000 rows into buildings_flats_cleaned so far
[2026-06-10T11:26:04.444+0000] {sql.py:527} INFO - Loaded 21000 rows into buildings_flats_cleaned so far
[2026-06-10T11:26:05.385+0000] {sql.py:527} INFO - Loaded 22000 rows into buildings_flats_cleaned so far
[2026-06-10T11:26:06.358+0000] {sql.py:527} INFO - Loaded 23000 rows into buildings_flats_cleaned so far
[2026-06-10T11:26:07.391+0000] {sql.py:527} INFO - Loaded 24000 rows into buildings_flats_cleaned so far
[2026-06-10T11:26:08.623+0000] {sql.py:527} INFO - Loaded 25000 rows into buildings_flats_cleaned so far
[2026-06-10T11:26:09.419+0000] {sql.py:527} INFO - Loaded 26000 rows into buildings_flats_cleaned so far
[2026-06-10T11:26:10.246+0000] {sql.py:527} INFO - Loaded 27000 rows into buildings_flats_cleaned so far
[2026-06-10T11:26:11.037+0000] {sql.py:527} INFO - Loaded 28000 rows into buildings_flats_cleaned so far
[2026-06-10T11:26:11.788+0000] {sql.py:527} INFO - Loaded 29000 rows into buildings_flats_cleaned so far
[2026-06-10T11:26:12.402+0000] {sql.py:527} INFO - Loaded 30000 rows into buildings_flats_cleaned so far
[2026-06-10T11:26:13.040+0000] {sql.py:527} INFO - Loaded 31000 rows into buildings_flats_cleaned so far
[2026-06-10T11:26:13.646+0000] {sql.py:527} INFO - Loaded 32000 rows into buildings_flats_cleaned so far
[2026-06-10T11:26:14.324+0000] {sql.py:527} INFO - Loaded 33000 rows into buildings_flats_cleaned so far
[2026-06-10T11:26:15.032+0000] {sql.py:527} INFO - Loaded 34000 rows into buildings_flats_cleaned so far
[2026-06-10T11:26:15.712+0000] {sql.py:527} INFO - Loaded 35000 rows into buildings_flats_cleaned so far
[2026-06-10T11:26:16.315+0000] {sql.py:527} INFO - Loaded 36000 rows into buildings_flats_cleaned so far
[2026-06-10T11:26:16.927+0000] {sql.py:527} INFO - Loaded 37000 rows into buildings_flats_cleaned so far
[2026-06-10T11:26:17.563+0000] {sql.py:527} INFO - Loaded 38000 rows into buildings_flats_cleaned so far
[2026-06-10T11:26:18.239+0000] {sql.py:527} INFO - Loaded 39000 rows into buildings_flats_cleaned so far
[2026-06-10T11:26:18.944+0000] {sql.py:527} INFO - Loaded 40000 rows into buildings_flats_cleaned so far
[2026-06-10T11:26:19.515+0000] {sql.py:527} INFO - Loaded 41000 rows into buildings_flats_cleaned so far
[2026-06-10T11:26:20.225+0000] {sql.py:527} INFO - Loaded 42000 rows into buildings_flats_cleaned so far
[2026-06-10T11:26:20.784+0000] {sql.py:527} INFO - Loaded 43000 rows into buildings_flats_cleaned so far
[2026-06-10T11:26:21.498+0000] {sql.py:527} INFO - Loaded 44000 rows into buildings_flats_cleaned so far
[2026-06-10T11:26:22.202+0000] {sql.py:527} INFO - Loaded 45000 rows into buildings_flats_cleaned so far
[2026-06-10T11:26:22.815+0000] {sql.py:527} INFO - Loaded 46000 rows into buildings_flats_cleaned so far
[2026-06-10T11:26:23.394+0000] {sql.py:527} INFO - Loaded 47000 rows into buildings_flats_cleaned so far
[2026-06-10T11:26:24.179+0000] {sql.py:527} INFO - Loaded 48000 rows into buildings_flats_cleaned so far
[2026-06-10T11:26:24.930+0000] {sql.py:527} INFO - Loaded 49000 rows into buildings_flats_cleaned so far
[2026-06-10T11:26:25.747+0000] {sql.py:527} INFO - Loaded 50000 rows into buildings_flats_cleaned so far
[2026-06-10T11:26:26.569+0000] {sql.py:527} INFO - Loaded 51000 rows into buildings_flats_cleaned so far
[2026-06-10T11:26:27.311+0000] {sql.py:527} INFO - Loaded 52000 rows into buildings_flats_cleaned so far
[2026-06-10T11:26:28.082+0000] {sql.py:527} INFO - Loaded 53000 rows into buildings_flats_cleaned so far
[2026-06-10T11:26:29.001+0000] {sql.py:527} INFO - Loaded 54000 rows into buildings_flats_cleaned so far
[2026-06-10T11:26:29.763+0000] {sql.py:527} INFO - Loaded 55000 rows into buildings_flats_cleaned so far
[2026-06-10T11:26:30.587+0000] {sql.py:527} INFO - Loaded 56000 rows into buildings_flats_cleaned so far
[2026-06-10T11:26:31.425+0000] {sql.py:527} INFO - Loaded 57000 rows into buildings_flats_cleaned so far
[2026-06-10T11:26:32.237+0000] {sql.py:527} INFO - Loaded 58000 rows into buildings_flats_cleaned so far
[2026-06-10T11:26:33.074+0000] {sql.py:527} INFO - Loaded 59000 rows into buildings_flats_cleaned so far
[2026-06-10T11:26:33.915+0000] {sql.py:527} INFO - Loaded 60000 rows into buildings_flats_cleaned so far
[2026-06-10T11:26:34.696+0000] {sql.py:527} INFO - Loaded 61000 rows into buildings_flats_cleaned so far
[2026-06-10T11:26:35.413+0000] {sql.py:527} INFO - Loaded 62000 rows into buildings_flats_cleaned so far
[2026-06-10T11:26:36.146+0000] {sql.py:527} INFO - Loaded 63000 rows into buildings_flats_cleaned so far
[2026-06-10T11:26:36.862+0000] {sql.py:527} INFO - Loaded 64000 rows into buildings_flats_cleaned so far
[2026-06-10T11:26:37.571+0000] {sql.py:527} INFO - Loaded 65000 rows into buildings_flats_cleaned so far
[2026-06-10T11:26:38.130+0000] {sql.py:527} INFO - Loaded 66000 rows into buildings_flats_cleaned so far
[2026-06-10T11:26:39.088+0000] {sql.py:527} INFO - Loaded 67000 rows into buildings_flats_cleaned so far
[2026-06-10T11:26:39.908+0000] {sql.py:527} INFO - Loaded 68000 rows into buildings_flats_cleaned so far
[2026-06-10T11:26:40.993+0000] {sql.py:527} INFO - Loaded 69000 rows into buildings_flats_cleaned so far
[2026-06-10T11:26:42.032+0000] {sql.py:527} INFO - Loaded 70000 rows into buildings_flats_cleaned so far
[2026-06-10T11:26:43.324+0000] {sql.py:527} INFO - Loaded 71000 rows into buildings_flats_cleaned so far
[2026-06-10T11:26:44.422+0000] {sql.py:527} INFO - Loaded 72000 rows into buildings_flats_cleaned so far
[2026-06-10T11:26:45.591+0000] {sql.py:527} INFO - Loaded 73000 rows into buildings_flats_cleaned so far
[2026-06-10T11:26:46.472+0000] {sql.py:527} INFO - Loaded 74000 rows into buildings_flats_cleaned so far
[2026-06-10T11:26:47.579+0000] {sql.py:527} INFO - Loaded 75000 rows into buildings_flats_cleaned so far
[2026-06-10T11:26:48.424+0000] {sql.py:527} INFO - Loaded 76000 rows into buildings_flats_cleaned so far
[2026-06-10T11:26:49.202+0000] {sql.py:527} INFO - Loaded 77000 rows into buildings_flats_cleaned so far
[2026-06-10T11:26:49.916+0000] {sql.py:527} INFO - Loaded 78000 rows into buildings_flats_cleaned so far
[2026-06-10T11:26:50.498+0000] {sql.py:527} INFO - Loaded 79000 rows into buildings_flats_cleaned so far
[2026-06-10T11:26:51.187+0000] {sql.py:527} INFO - Loaded 80000 rows into buildings_flats_cleaned so far
[2026-06-10T11:26:51.736+0000] {sql.py:527} INFO - Loaded 81000 rows into buildings_flats_cleaned so far
[2026-06-10T11:26:52.360+0000] {sql.py:527} INFO - Loaded 82000 rows into buildings_flats_cleaned so far
[2026-06-10T11:26:53.011+0000] {sql.py:527} INFO - Loaded 83000 rows into buildings_flats_cleaned so far
[2026-06-10T11:26:53.727+0000] {sql.py:527} INFO - Loaded 84000 rows into buildings_flats_cleaned so far
[2026-06-10T11:26:54.281+0000] {sql.py:527} INFO - Loaded 85000 rows into buildings_flats_cleaned so far
[2026-06-10T11:26:54.908+0000] {sql.py:527} INFO - Loaded 86000 rows into buildings_flats_cleaned so far
[2026-06-10T11:26:55.566+0000] {sql.py:527} INFO - Loaded 87000 rows into buildings_flats_cleaned so far
[2026-06-10T11:26:56.138+0000] {sql.py:527} INFO - Loaded 88000 rows into buildings_flats_cleaned so far
[2026-06-10T11:26:56.685+0000] {sql.py:527} INFO - Loaded 89000 rows into buildings_flats_cleaned so far
[2026-06-10T11:26:57.229+0000] {sql.py:527} INFO - Loaded 90000 rows into buildings_flats_cleaned so far
[2026-06-10T11:26:57.769+0000] {sql.py:527} INFO - Loaded 91000 rows into buildings_flats_cleaned so far
[2026-06-10T11:26:58.305+0000] {sql.py:527} INFO - Loaded 92000 rows into buildings_flats_cleaned so far
[2026-06-10T11:26:58.908+0000] {sql.py:527} INFO - Loaded 93000 rows into buildings_flats_cleaned so far
[2026-06-10T11:26:59.567+0000] {sql.py:527} INFO - Loaded 94000 rows into buildings_flats_cleaned so far
[2026-06-10T11:27:00.169+0000] {sql.py:527} INFO - Loaded 95000 rows into buildings_flats_cleaned so far
[2026-06-10T11:27:00.843+0000] {sql.py:527} INFO - Loaded 96000 rows into buildings_flats_cleaned so far
[2026-06-10T11:27:01.632+0000] {sql.py:527} INFO - Loaded 97000 rows into buildings_flats_cleaned so far
[2026-06-10T11:27:02.430+0000] {sql.py:527} INFO - Loaded 98000 rows into buildings_flats_cleaned so far
[2026-06-10T11:27:03.217+0000] {sql.py:527} INFO - Loaded 99000 rows into buildings_flats_cleaned so far
[2026-06-10T11:27:03.825+0000] {sql.py:527} INFO - Loaded 100000 rows into buildings_flats_cleaned so far
[2026-06-10T11:27:04.564+0000] {sql.py:527} INFO - Loaded 101000 rows into buildings_flats_cleaned so far
[2026-06-10T11:27:05.290+0000] {sql.py:527} INFO - Loaded 102000 rows into buildings_flats_cleaned so far
[2026-06-10T11:27:06.209+0000] {sql.py:527} INFO - Loaded 103000 rows into buildings_flats_cleaned so far
[2026-06-10T11:27:06.954+0000] {sql.py:527} INFO - Loaded 104000 rows into buildings_flats_cleaned so far
[2026-06-10T11:27:07.344+0000] {sql.py:530} INFO - Done loading. Loaded a total of 104436 rows into buildings_flats_cleaned
[2026-06-10T11:27:07.414+0000] {python.py:194} INFO - Done. Returned value was: None
[2026-06-10T11:27:07.435+0000] {taskinstance.py:1400} INFO - Marking task as SUCCESS. dag_id=clean_buildings_flats_dataset, task_id=load, execution_date=20260610T112528, start_date=20260610T112546, end_date=20260610T112707
[2026-06-10T11:27:07.595+0000] {local_task_job_runner.py:228} INFO - Task exited with return code 0
[2026-06-10T11:27:07.623+0000] {taskinstance.py:2778} INFO - 0 downstream tasks scheduled from follow-on schedule check
