[2026-06-09T10:25:18.079+0000] {taskinstance.py:1159} INFO - Dependencies all met for dep_context=non-requeueable deps ti=<TaskInstance: clean_buildings_flats_dataset.transform manual__2026-06-09T10:25:00.762330+00:00 [queued]>
[2026-06-09T10:25:18.089+0000] {taskinstance.py:1159} INFO - Dependencies all met for dep_context=requeueable deps ti=<TaskInstance: clean_buildings_flats_dataset.transform manual__2026-06-09T10:25:00.762330+00:00 [queued]>
[2026-06-09T10:25:18.090+0000] {taskinstance.py:1361} INFO - Starting attempt 1 of 1
[2026-06-09T10:25:18.113+0000] {taskinstance.py:1382} INFO - Executing <Task(_PythonDecoratedOperator): transform> on 2026-06-09 10:25:00.762330+00:00
[2026-06-09T10:25:18.126+0000] {standard_task_runner.py:57} INFO - Started process 80 to run task
[2026-06-09T10:25:18.131+0000] {standard_task_runner.py:84} INFO - Running: ['***', 'tasks', 'run', 'clean_buildings_flats_dataset', 'transform', 'manual__2026-06-09T10:25:00.762330+00:00', '--job-id', '70', '--raw', '--subdir', 'DAGS_FOLDER/clean_data.py', '--cfg-path', '/tmp/tmpn3aehpsj']
[2026-06-09T10:25:18.133+0000] {standard_task_runner.py:85} INFO - Job 70: Subtask transform
[2026-06-09T10:25:18.200+0000] {task_command.py:416} INFO - Running <TaskInstance: clean_buildings_flats_dataset.transform manual__2026-06-09T10:25:00.762330+00:00 [running]> on host 8b4f92aa28b1
[2026-06-09T10:25:18.745+0000] {taskinstance.py:1662} INFO - Exporting env vars: AIRFLOW_CTX_DAG_OWNER='***' AIRFLOW_CTX_DAG_ID='clean_buildings_flats_dataset' AIRFLOW_CTX_TASK_ID='transform' AIRFLOW_CTX_EXECUTION_DATE='2026-06-09T10:25:00.762330+00:00' AIRFLOW_CTX_TRY_NUMBER='1' AIRFLOW_CTX_DAG_RUN_ID='manual__2026-06-09T10:25:00.762330+00:00'
[2026-06-09T10:25:18.747+0000] {taskinstance.py:1937} ERROR - Task failed with exception
Traceback (most recent call last):
  File "/home/airflow/.local/lib/python3.10/site-packages/airflow/decorators/base.py", line 221, in execute
    return_value = super().execute(context)
  File "/home/airflow/.local/lib/python3.10/site-packages/airflow/operators/python.py", line 192, in execute
    return_value = self.execute_callable()
  File "/home/airflow/.local/lib/python3.10/site-packages/airflow/operators/python.py", line 209, in execute_callable
    return self.python_callable(*self.op_args, **self.op_kwargs)
  File "/opt/airflow/dags/clean_data.py", line 85, in transform
    data = remove_duplicates(data)
  File "/opt/airflow/dags/clean_data.py", line 65, in remove_duplicates
    feature_cols = df.columns.drop('id','building_id', 'flat_id').tolist()
TypeError: Index.drop() takes from 2 to 3 positional arguments but 4 were given
[2026-06-09T10:25:18.756+0000] {taskinstance.py:1400} INFO - Marking task as FAILED. dag_id=clean_buildings_flats_dataset, task_id=transform, execution_date=20260609T102500, start_date=20260609T102518, end_date=20260609T102518
[2026-06-09T10:25:18.773+0000] {standard_task_runner.py:104} ERROR - Failed to execute job 70 for task transform (Index.drop() takes from 2 to 3 positional arguments but 4 were given; 80)
[2026-06-09T10:25:18.816+0000] {local_task_job_runner.py:228} INFO - Task exited with return code 1
[2026-06-09T10:25:18.899+0000] {taskinstance.py:2778} INFO - 0 downstream tasks scheduled from follow-on schedule check
