[2026-06-09T11:02:18.008+0000] {taskinstance.py:1159} INFO - Dependencies all met for dep_context=non-requeueable deps ti=<TaskInstance: clean_buildings_flats_dataset.extract manual__2026-06-09T11:02:03.063415+00:00 [queued]>
[2026-06-09T11:02:18.146+0000] {taskinstance.py:1159} INFO - Dependencies all met for dep_context=requeueable deps ti=<TaskInstance: clean_buildings_flats_dataset.extract manual__2026-06-09T11:02:03.063415+00:00 [queued]>
[2026-06-09T11:02:18.155+0000] {taskinstance.py:1361} INFO - Starting attempt 1 of 1
[2026-06-09T11:02:18.318+0000] {taskinstance.py:1382} INFO - Executing <Task(_PythonDecoratedOperator): extract> on 2026-06-09 11:02:03.063415+00:00
[2026-06-09T11:02:18.328+0000] {standard_task_runner.py:57} INFO - Started process 81 to run task
[2026-06-09T11:02:18.342+0000] {standard_task_runner.py:84} INFO - Running: ['***', 'tasks', 'run', 'clean_buildings_flats_dataset', 'extract', 'manual__2026-06-09T11:02:03.063415+00:00', '--job-id', '6', '--raw', '--subdir', 'DAGS_FOLDER/clean_data.py', '--cfg-path', '/tmp/tmprbjk_cra']
[2026-06-09T11:02:18.343+0000] {standard_task_runner.py:85} INFO - Job 6: Subtask extract
[2026-06-09T11:02:18.621+0000] {task_command.py:416} INFO - Running <TaskInstance: clean_buildings_flats_dataset.extract manual__2026-06-09T11:02:03.063415+00:00 [running]> on host 5d2134d2f8c3
[2026-06-09T11:02:19.033+0000] {taskinstance.py:1662} INFO - Exporting env vars: AIRFLOW_CTX_DAG_OWNER='***' AIRFLOW_CTX_DAG_ID='clean_buildings_flats_dataset' AIRFLOW_CTX_TASK_ID='extract' AIRFLOW_CTX_EXECUTION_DATE='2026-06-09T11:02:03.063415+00:00' AIRFLOW_CTX_TRY_NUMBER='1' AIRFLOW_CTX_DAG_RUN_ID='manual__2026-06-09T11:02:03.063415+00:00'
[2026-06-09T11:02:19.100+0000] {taskinstance.py:1937} ERROR - Task failed with exception
Traceback (most recent call last):
  File "/home/airflow/.local/lib/python3.10/site-packages/airflow/decorators/base.py", line 221, in execute
    return_value = super().execute(context)
  File "/home/airflow/.local/lib/python3.10/site-packages/airflow/operators/python.py", line 192, in execute
    return_value = self.execute_callable()
  File "/home/airflow/.local/lib/python3.10/site-packages/airflow/operators/python.py", line 209, in execute_callable
    return self.python_callable(*self.op_args, **self.op_kwargs)
  File "/opt/airflow/dags/clean_data.py", line 60, in extract
    conn = hook.get_conn()
  File "/home/airflow/.local/lib/python3.10/site-packages/airflow/providers/postgres/hooks/postgres.py", line 128, in get_conn
    conn = deepcopy(self.connection or self.get_connection(conn_id))
  File "/home/airflow/.local/lib/python3.10/site-packages/airflow/hooks/base.py", line 72, in get_connection
    conn = Connection.get_connection_from_secrets(conn_id)
  File "/home/airflow/.local/lib/python3.10/site-packages/airflow/models/connection.py", line 477, in get_connection_from_secrets
    raise AirflowNotFoundException(f"The conn_id `{conn_id}` isn't defined")
airflow.exceptions.AirflowNotFoundException: The conn_id `destination_db` isn't defined
[2026-06-09T11:02:19.171+0000] {taskinstance.py:1400} INFO - Marking task as FAILED. dag_id=clean_buildings_flats_dataset, task_id=extract, execution_date=20260609T110203, start_date=20260609T110218, end_date=20260609T110219
[2026-06-09T11:02:19.334+0000] {standard_task_runner.py:104} ERROR - Failed to execute job 6 for task extract (The conn_id `destination_db` isn't defined; 81)
[2026-06-09T11:02:19.466+0000] {local_task_job_runner.py:228} INFO - Task exited with return code 1
[2026-06-09T11:02:19.643+0000] {taskinstance.py:2778} INFO - 0 downstream tasks scheduled from follow-on schedule check
