[2026-06-09T09:43:19.534+0000] {taskinstance.py:1159} INFO - Dependencies all met for dep_context=non-requeueable deps ti=<TaskInstance: clean_buildings_flats_dataset.extract scheduled__2023-01-01T00:00:00+00:00 [queued]>
[2026-06-09T09:43:19.553+0000] {taskinstance.py:1159} INFO - Dependencies all met for dep_context=requeueable deps ti=<TaskInstance: clean_buildings_flats_dataset.extract scheduled__2023-01-01T00:00:00+00:00 [queued]>
[2026-06-09T09:43:19.553+0000] {taskinstance.py:1361} INFO - Starting attempt 1 of 1
[2026-06-09T09:43:19.642+0000] {taskinstance.py:1382} INFO - Executing <Task(_PythonDecoratedOperator): extract> on 2023-01-01 00:00:00+00:00
[2026-06-09T09:43:19.681+0000] {standard_task_runner.py:57} INFO - Started process 80 to run task
[2026-06-09T09:43:19.711+0000] {standard_task_runner.py:84} INFO - Running: ['***', 'tasks', 'run', 'clean_buildings_flats_dataset', 'extract', 'scheduled__2023-01-01T00:00:00+00:00', '--job-id', '60', '--raw', '--subdir', 'DAGS_FOLDER/clean_data.py', '--cfg-path', '/tmp/tmpgfmrzbdr']
[2026-06-09T09:43:19.731+0000] {standard_task_runner.py:85} INFO - Job 60: Subtask extract
[2026-06-09T09:43:20.045+0000] {task_command.py:416} INFO - Running <TaskInstance: clean_buildings_flats_dataset.extract scheduled__2023-01-01T00:00:00+00:00 [running]> on host 8b0f0a7b5974
[2026-06-09T09:43:20.527+0000] {taskinstance.py:1662} INFO - Exporting env vars: AIRFLOW_CTX_DAG_OWNER='***' AIRFLOW_CTX_DAG_ID='clean_buildings_flats_dataset' AIRFLOW_CTX_TASK_ID='extract' AIRFLOW_CTX_EXECUTION_DATE='2023-01-01T00:00:00+00:00' AIRFLOW_CTX_TRY_NUMBER='1' AIRFLOW_CTX_DAG_RUN_ID='scheduled__2023-01-01T00:00:00+00:00'
[2026-06-09T09:43:20.620+0000] {base.py:73} INFO - Using connection ID 'destination_db' for task execution.
[2026-06-09T09:43:20.656+0000] {warnings.py:109} WARNING - /opt/***/dags/clean_data.py:59: UserWarning: pandas only supports SQLAlchemy connectable (engine/connection) or database string URI or sqlite3 DBAPI2 connection. Other DBAPI2 objects are not tested. Please consider using SQLAlchemy.
  data = pd.read_sql(sql, conn).drop(columns=['id'])

[2026-06-09T09:43:31.912+0000] {python.py:194} INFO - Done. Returned value was:         building_id  build_year  ...  total_area       price
0              2708        1959  ...   71.400002  15500000.0
1              6454        1966  ...   29.700001   7390000.0
2             10331        1973  ...   62.900002  13900000.0
3             22421        2013  ...  111.699997  23000000.0
4             22421        2013  ...   56.700001  13500000.0
...             ...         ...  ...         ...         ...
141357        18633        2002  ...   74.000000  15000000.0
141358        13988        1983  ...   36.099998   6900000.0
141359        11566        1976  ...   48.000000   9000000.0
141360        14663        1986  ...   36.900002   7500000.0
141361        20344        2006  ...   39.939999   8900000.0

[141362 rows x 18 columns]
[2026-06-09T09:43:32.704+0000] {warnings.py:109} WARNING - /home/***/.local/lib/python3.10/site-packages/pyarrow/pandas_compat.py:373: FutureWarning: is_sparse is deprecated and will be removed in a future version. Check `isinstance(dtype, pd.SparseDtype)` instead.
  if _pandas_api.is_sparse(col):

[2026-06-09T09:43:36.913+0000] {taskinstance.py:1400} INFO - Marking task as SUCCESS. dag_id=clean_buildings_flats_dataset, task_id=extract, execution_date=20230101T000000, start_date=20260609T094319, end_date=20260609T094336
[2026-06-09T09:43:37.073+0000] {local_task_job_runner.py:228} INFO - Task exited with return code 0
[2026-06-09T09:43:37.297+0000] {taskinstance.py:2778} INFO - 1 downstream tasks scheduled from follow-on schedule check
[2026-06-09T11:02:17.855+0000] {taskinstance.py:1159} INFO - Dependencies all met for dep_context=non-requeueable deps ti=<TaskInstance: clean_buildings_flats_dataset.extract scheduled__2023-01-01T00:00:00+00:00 [queued]>
[2026-06-09T11:02:17.957+0000] {taskinstance.py:1159} INFO - Dependencies all met for dep_context=requeueable deps ti=<TaskInstance: clean_buildings_flats_dataset.extract scheduled__2023-01-01T00:00:00+00:00 [queued]>
[2026-06-09T11:02:17.958+0000] {taskinstance.py:1361} INFO - Starting attempt 1 of 1
[2026-06-09T11:02:18.139+0000] {taskinstance.py:1382} INFO - Executing <Task(_PythonDecoratedOperator): extract> on 2023-01-01 00:00:00+00:00
[2026-06-09T11:02:18.211+0000] {standard_task_runner.py:57} INFO - Started process 80 to run task
[2026-06-09T11:02:18.290+0000] {standard_task_runner.py:84} INFO - Running: ['***', 'tasks', 'run', 'clean_buildings_flats_dataset', 'extract', 'scheduled__2023-01-01T00:00:00+00:00', '--job-id', '5', '--raw', '--subdir', 'DAGS_FOLDER/clean_data.py', '--cfg-path', '/tmp/tmpy6svaixm']
[2026-06-09T11:02:18.291+0000] {standard_task_runner.py:85} INFO - Job 5: Subtask extract
[2026-06-09T11:02:18.573+0000] {task_command.py:416} INFO - Running <TaskInstance: clean_buildings_flats_dataset.extract scheduled__2023-01-01T00:00:00+00:00 [running]> on host 5d2134d2f8c3
[2026-06-09T11:02:18.917+0000] {taskinstance.py:1662} INFO - Exporting env vars: AIRFLOW_CTX_DAG_OWNER='***' AIRFLOW_CTX_DAG_ID='clean_buildings_flats_dataset' AIRFLOW_CTX_TASK_ID='extract' AIRFLOW_CTX_EXECUTION_DATE='2023-01-01T00:00:00+00:00' AIRFLOW_CTX_TRY_NUMBER='1' AIRFLOW_CTX_DAG_RUN_ID='scheduled__2023-01-01T00:00:00+00:00'
[2026-06-09T11:02:19.009+0000] {taskinstance.py:1937} ERROR - Task failed with exception
Traceback (most recent call last):
  File "/home/airflow/.local/lib/python3.10/site-packages/airflow/decorators/base.py", line 221, in execute
    return_value = super().execute(context)
  File "/home/airflow/.local/lib/python3.10/site-packages/airflow/operators/python.py", line 192, in execute
    return_value = self.execute_callable()
  File "/home/airflow/.local/lib/python3.10/site-packages/airflow/operators/python.py", line 209, in execute_callable
    return self.python_callable(*self.op_args, **self.op_kwargs)
  File "/opt/airflow/dags/clean_data.py", line 60, in extract
    conn = hook.get_conn()
  File "/home/airflow/.local/lib/python3.10/site-packages/airflow/providers/postgres/hooks/postgres.py", line 128, in get_conn
    conn = deepcopy(self.connection or self.get_connection(conn_id))
  File "/home/airflow/.local/lib/python3.10/site-packages/airflow/hooks/base.py", line 72, in get_connection
    conn = Connection.get_connection_from_secrets(conn_id)
  File "/home/airflow/.local/lib/python3.10/site-packages/airflow/models/connection.py", line 477, in get_connection_from_secrets
    raise AirflowNotFoundException(f"The conn_id `{conn_id}` isn't defined")
airflow.exceptions.AirflowNotFoundException: The conn_id `destination_db` isn't defined
[2026-06-09T11:02:19.052+0000] {taskinstance.py:1400} INFO - Marking task as FAILED. dag_id=clean_buildings_flats_dataset, task_id=extract, execution_date=20230101T000000, start_date=20260609T110217, end_date=20260609T110219
[2026-06-09T11:02:19.108+0000] {standard_task_runner.py:104} ERROR - Failed to execute job 5 for task extract (The conn_id `destination_db` isn't defined; 80)
[2026-06-09T11:02:19.139+0000] {local_task_job_runner.py:228} INFO - Task exited with return code 1
[2026-06-09T11:02:19.409+0000] {taskinstance.py:2778} INFO - 0 downstream tasks scheduled from follow-on schedule check
